Archive member included to satisfy reference by file (symbol)

BSP//libhal_bsp.a(alt_load.o)
                              BSP//obj/HAL/src/crt0.o (alt_load)
BSP//libhal_bsp.a(alt_main.o)
                              BSP//obj/HAL/src/crt0.o (alt_main)
BSP//libhal_bsp.a(alt_sys_init.o)
                              BSP//libhal_bsp.a(alt_main.o) (alt_irq_init)
BSP//libhal_bsp.a(altera_avalon_jtag_uart_fd.o)
                              BSP//libhal_bsp.a(alt_sys_init.o) (altera_avalon_jtag_uart_read_fd)
BSP//libhal_bsp.a(altera_avalon_jtag_uart_init.o)
                              BSP//libhal_bsp.a(alt_sys_init.o) (altera_avalon_jtag_uart_init)
BSP//libhal_bsp.a(altera_avalon_jtag_uart_ioctl.o)
                              BSP//libhal_bsp.a(altera_avalon_jtag_uart_fd.o) (altera_avalon_jtag_uart_ioctl)
BSP//libhal_bsp.a(altera_avalon_jtag_uart_read.o)
                              BSP//libhal_bsp.a(altera_avalon_jtag_uart_fd.o) (altera_avalon_jtag_uart_read)
BSP//libhal_bsp.a(altera_avalon_jtag_uart_write.o)
                              BSP//libhal_bsp.a(altera_avalon_jtag_uart_fd.o) (altera_avalon_jtag_uart_write)
BSP//libhal_bsp.a(altera_avalon_timer_sc.o)
                              BSP//libhal_bsp.a(alt_sys_init.o) (alt_avalon_timer_sc_init)
BSP//libhal_bsp.a(altera_up_avalon_adc.o)
                              obj/default/adc_demo.o (alt_up_adc_open_dev)
BSP//libhal_bsp.a(alt_alarm_start.o)
                              BSP//libhal_bsp.a(altera_avalon_jtag_uart_init.o) (alt_alarm_start)
BSP//libhal_bsp.a(alt_close.o)
                              BSP//libhal_bsp.a(alt_main.o) (close)
BSP//libhal_bsp.a(alt_dcache_flush_all.o)
                              BSP//libhal_bsp.a(alt_load.o) (alt_dcache_flush_all)
BSP//libhal_bsp.a(alt_dev.o)  BSP//libhal_bsp.a(alt_close.o) (alt_fd_list)
BSP//libhal_bsp.a(alt_dev_llist_insert.o)
                              BSP//libhal_bsp.a(alt_sys_init.o) (alt_dev_llist_insert)
BSP//libhal_bsp.a(alt_errno.o)
                              BSP//libhal_bsp.a(alt_close.o) (alt_errno)
BSP//libhal_bsp.a(alt_find_dev.o)
                              BSP//libhal_bsp.a(altera_up_avalon_adc.o) (alt_find_dev)
BSP//libhal_bsp.a(alt_icache_flush_all.o)
                              BSP//libhal_bsp.a(alt_load.o) (alt_icache_flush_all)
BSP//libhal_bsp.a(alt_io_redirect.o)
                              BSP//libhal_bsp.a(alt_main.o) (alt_io_redirect)
BSP//libhal_bsp.a(alt_irq_register.o)
                              BSP//libhal_bsp.a(altera_avalon_jtag_uart_init.o) (alt_irq_register)
BSP//libhal_bsp.a(alt_irq_vars.o)
                              BSP//libhal_bsp.a(alt_irq_register.o) (alt_irq_active)
BSP//libhal_bsp.a(alt_open.o)
                              BSP//libhal_bsp.a(alt_io_redirect.o) (open)
BSP//libhal_bsp.a(alt_release_fd.o)
                              BSP//libhal_bsp.a(alt_close.o) (alt_release_fd)
BSP//libhal_bsp.a(alt_tick.o)
                              BSP//libhal_bsp.a(altera_avalon_timer_sc.o) (alt_tick)
BSP//libhal_bsp.a(altera_nios2_gen2_irq.o)
                              BSP//libhal_bsp.a(alt_sys_init.o) (altera_nios2_gen2_irq_init)
BSP//libhal_bsp.a(alt_find_file.o)
                              BSP//libhal_bsp.a(alt_open.o) (alt_find_file)
BSP//libhal_bsp.a(alt_get_fd.o)
                              BSP//libhal_bsp.a(alt_open.o) (alt_get_fd)
BSP//libhal_bsp.a(alt_icache_flush.o)
                              BSP//libhal_bsp.a(alt_icache_flush_all.o) (alt_icache_flush)
BSP//libhal_bsp.a(alt_irq_entry.o)
                              BSP//libhal_bsp.a(alt_irq_register.o) (alt_irq_entry)
BSP//libhal_bsp.a(alt_irq_handler.o)
                              BSP//libhal_bsp.a(alt_irq_register.o) (alt_irq_handler)
BSP//libhal_bsp.a(alt_exception_entry.o)
                              BSP//libhal_bsp.a(alt_irq_entry.o) (alt_exception)
BSP//libhal_bsp.a(alt_instruction_exception_entry.o)
                              BSP//libhal_bsp.a(alt_exception_entry.o) (alt_instruction_exception_entry)
/home/adrian/intelFPGA_lite/21.1/nios2eds/bin/gnu/H-x86_64-pc-linux-gnu/bin/../lib/gcc/nios2-elf/11.2.1/../../../../../H-x86_64-pc-linux-gnu/nios2-elf/lib/mhw-mulx/libc.a(lib_a-exit.o)
                              BSP//libhal_bsp.a(alt_main.o) (exit)
/home/adrian/intelFPGA_lite/21.1/nios2eds/bin/gnu/H-x86_64-pc-linux-gnu/bin/../lib/gcc/nios2-elf/11.2.1/../../../../../H-x86_64-pc-linux-gnu/nios2-elf/lib/mhw-mulx/libc.a(lib_a-impure.o)
                              /home/adrian/intelFPGA_lite/21.1/nios2eds/bin/gnu/H-x86_64-pc-linux-gnu/bin/../lib/gcc/nios2-elf/11.2.1/../../../../../H-x86_64-pc-linux-gnu/nios2-elf/lib/mhw-mulx/libc.a(lib_a-exit.o) (_global_impure_ptr)
/home/adrian/intelFPGA_lite/21.1/nios2eds/bin/gnu/H-x86_64-pc-linux-gnu/bin/../lib/gcc/nios2-elf/11.2.1/../../../../../H-x86_64-pc-linux-gnu/nios2-elf/lib/mhw-mulx/libc.a(lib_a-int_errno.o)
                              BSP//libhal_bsp.a(alt_close.o) (errno)
/home/adrian/intelFPGA_lite/21.1/nios2eds/bin/gnu/H-x86_64-pc-linux-gnu/bin/../lib/gcc/nios2-elf/11.2.1/../../../../../H-x86_64-pc-linux-gnu/nios2-elf/lib/mhw-mulx/libc.a(lib_a-memcmp.o)
                              BSP//libhal_bsp.a(alt_find_dev.o) (memcmp)
/home/adrian/intelFPGA_lite/21.1/nios2eds/bin/gnu/H-x86_64-pc-linux-gnu/bin/../lib/gcc/nios2-elf/11.2.1/../../../../../H-x86_64-pc-linux-gnu/nios2-elf/lib/mhw-mulx/libc.a(lib_a-memcpy.o)
                              BSP//libhal_bsp.a(altera_avalon_jtag_uart_read.o) (memcpy)
/home/adrian/intelFPGA_lite/21.1/nios2eds/bin/gnu/H-x86_64-pc-linux-gnu/bin/../lib/gcc/nios2-elf/11.2.1/../../../../../H-x86_64-pc-linux-gnu/nios2-elf/lib/mhw-mulx/libc.a(lib_a-strlen.o)
                              BSP//libhal_bsp.a(alt_find_dev.o) (strlen)
/home/adrian/intelFPGA_lite/21.1/nios2eds/bin/gnu/H-x86_64-pc-linux-gnu/bin/../lib/gcc/nios2-elf/11.2.1/../../../../../H-x86_64-pc-linux-gnu/nios2-elf/lib/mhw-mulx/libc.a(lib_a-__call_atexit.o)
                              /home/adrian/intelFPGA_lite/21.1/nios2eds/bin/gnu/H-x86_64-pc-linux-gnu/bin/../lib/gcc/nios2-elf/11.2.1/../../../../../H-x86_64-pc-linux-gnu/nios2-elf/lib/mhw-mulx/libc.a(lib_a-exit.o) (__call_exitprocs)
BSP//libhal_bsp.a(alt_exit.o)
                              /home/adrian/intelFPGA_lite/21.1/nios2eds/bin/gnu/H-x86_64-pc-linux-gnu/bin/../lib/gcc/nios2-elf/11.2.1/../../../../../H-x86_64-pc-linux-gnu/nios2-elf/lib/mhw-mulx/libc.a(lib_a-exit.o) (_exit)

Memory Configuration

Name             Origin             Length             Attributes
reset            0x0000000000000000 0x0000000000000020
Nios2_SRAM       0x0000000000000020 0x0000000000007fe0
Nios2_2nd_Core_SRAM 0x0000000000010000 0x0000000000008000
Onchip_SRAM      0x0000000008000000 0x0000000000040000
VGA_Subsystem_Char_Buf_Subsystem_Onchip_SRAM 0x0000000009000000 0x0000000000002000
ARM_A9_HPS_axi_sdram 0x0000000040000000 0x0000000040000000
*default*        0x0000000000000000 0xffffffffffffffff

Linker script and memory map

LOAD BSP//obj/HAL/src/crt0.o
LOAD obj/default/adc_demo.o
LOAD /home/adrian/intelFPGA_lite/21.1/nios2eds/bin/gnu/H-x86_64-pc-linux-gnu/bin/../lib/gcc/nios2-elf/11.2.1/../../../../../H-x86_64-pc-linux-gnu/nios2-elf/lib/mhw-mulx/libstdc++.a
LOAD /home/adrian/intelFPGA_lite/21.1/nios2eds/bin/gnu/H-x86_64-pc-linux-gnu/bin/../lib/gcc/nios2-elf/11.2.1/../../../../../H-x86_64-pc-linux-gnu/nios2-elf/lib/mhw-mulx/libm.a
LOAD /home/adrian/intelFPGA_lite/21.1/nios2eds/bin/gnu/H-x86_64-pc-linux-gnu/bin/../lib/gcc/nios2-elf/11.2.1/mhw-mulx/libgcc.a
START GROUP
LOAD /home/adrian/intelFPGA_lite/21.1/nios2eds/bin/gnu/H-x86_64-pc-linux-gnu/bin/../lib/gcc/nios2-elf/11.2.1/../../../../../H-x86_64-pc-linux-gnu/nios2-elf/lib/mhw-mulx/libc.a
LOAD /home/adrian/intelFPGA_lite/21.1/nios2eds/bin/gnu/H-x86_64-pc-linux-gnu/bin/../lib/gcc/nios2-elf/11.2.1/mhw-mulx/libgcc.a
LOAD BSP//libhal_bsp.a
LOAD /home/adrian/intelFPGA_lite/21.1/nios2eds/bin/gnu/H-x86_64-pc-linux-gnu/bin/../lib/gcc/nios2-elf/11.2.1/../../../../../H-x86_64-pc-linux-gnu/nios2-elf/lib/mhw-mulx/libm.a
END GROUP
LOAD /home/adrian/intelFPGA_lite/21.1/nios2eds/bin/gnu/H-x86_64-pc-linux-gnu/bin/../lib/gcc/nios2-elf/11.2.1/mhw-mulx/libgcc.a
                0x0000000000000000                __alt_mem_Nios2_SRAM = 0x0
                0x0000000000010000                __alt_mem_Nios2_2nd_Core_SRAM = 0x10000
                0x0000000008000000                __alt_mem_Onchip_SRAM = 0x8000000
                0x0000000009000000                __alt_mem_VGA_Subsystem_Char_Buf_Subsystem_Onchip_SRAM = 0x9000000
                0x0000000040000000                __alt_mem_ARM_A9_HPS_axi_sdram = 0x40000000

.entry          0x0000000000000000       0x20
 *(.entry)
 .entry         0x0000000000000000       0x20 BSP//obj/HAL/src/crt0.o
                0x0000000000000000                __reset

.exceptions     0x0000000000000020      0x188
                0x0000000000000020                PROVIDE (__ram_exceptions_start = ABSOLUTE (.))
                0x0000000000000020                . = ALIGN (0x20)
 *(.irq)
 *(.exceptions.entry.label)
 .exceptions.entry.label
                0x0000000000000020        0x0 BSP//libhal_bsp.a(alt_irq_entry.o)
                0x0000000000000020                alt_irq_entry
 .exceptions.entry.label
                0x0000000000000020        0x0 BSP//libhal_bsp.a(alt_exception_entry.o)
                0x0000000000000020                alt_exception
 *(.exceptions.entry.user)
 *(.exceptions.entry.ecc_fatal)
 *(.exceptions.entry)
 .exceptions.entry
                0x0000000000000020       0x54 BSP//libhal_bsp.a(alt_exception_entry.o)
 *(.exceptions.irqtest.user)
 *(.exceptions.irqtest)
 .exceptions.irqtest
                0x0000000000000074       0x10 BSP//libhal_bsp.a(alt_irq_entry.o)
 *(.exceptions.irqhandler.user)
 *(.exceptions.irqhandler)
 .exceptions.irqhandler
                0x0000000000000084        0x4 BSP//libhal_bsp.a(alt_irq_entry.o)
 *(.exceptions.irqreturn.user)
 *(.exceptions.irqreturn)
 .exceptions.irqreturn
                0x0000000000000088        0x4 BSP//libhal_bsp.a(alt_irq_entry.o)
 *(.exceptions.notirq.label)
 .exceptions.notirq.label
                0x000000000000008c        0x0 BSP//libhal_bsp.a(alt_irq_entry.o)
 *(.exceptions.notirq.user)
 *(.exceptions.notirq)
 .exceptions.notirq
                0x000000000000008c        0x8 BSP//libhal_bsp.a(alt_exception_entry.o)
 *(.exceptions.soft.user)
 *(.exceptions.soft)
 *(.exceptions.unknown.user)
 *(.exceptions.unknown)
 .exceptions.unknown
                0x0000000000000094       0x14 BSP//libhal_bsp.a(alt_exception_entry.o)
 *(.exceptions.exit.label)
 .exceptions.exit.label
                0x00000000000000a8        0x0 BSP//libhal_bsp.a(alt_irq_entry.o)
 .exceptions.exit.label
                0x00000000000000a8        0x0 BSP//libhal_bsp.a(alt_exception_entry.o)
 *(.exceptions.exit.user)
 *(.exceptions.exit)
 .exceptions.exit
                0x00000000000000a8       0x54 BSP//libhal_bsp.a(alt_exception_entry.o)
 *(.exceptions)
 .exceptions    0x00000000000000fc       0x6c BSP//libhal_bsp.a(alt_irq_handler.o)
                0x00000000000000fc                alt_irq_handler
 .exceptions    0x0000000000000168       0x40 BSP//libhal_bsp.a(alt_instruction_exception_entry.o)
                0x0000000000000168                alt_instruction_exception_entry
                0x00000000000001a8                PROVIDE (__ram_exceptions_end = ABSOLUTE (.))
                0x0000000000000020                PROVIDE (__flash_exceptions_start = LOADADDR (.exceptions))

.text           0x00000000000001a8     0x1814
                [!provide]                        PROVIDE (stext = ABSOLUTE (.))
 *(.interp)
 *(.hash)
 *(.dynsym)
 *(.dynstr)
 *(.gnu.version)
 *(.gnu.version_d)
 *(.gnu.version_r)
 *(.rel.init)
 *(.rela.init)
 *(.rel.text .rel.text.* .rel.gnu.linkonce.t.*)
 *(.rela.text .rela.text.* .rela.gnu.linkonce.t.*)
 *(.rel.fini)
 *(.rela.fini)
 *(.rel.rodata .rel.rodata.* .rel.gnu.linkonce.r.*)
 *(.rela.rodata .rela.rodata.* .rela.gnu.linkonce.r.*)
 *(.rel.data .rel.data.* .rel.gnu.linkonce.d.*)
 *(.rela.data .rela.data.* .rela.gnu.linkonce.d.*)
 *(.rel.tdata .rel.tdata.* .rel.gnu.linkonce.td.*)
 *(.rela.tdata .rela.tdata.* .rela.gnu.linkonce.td.*)
 *(.rel.tbss .rel.tbss.* .rel.gnu.linkonce.tb.*)
 *(.rela.tbss .rela.tbss.* .rela.gnu.linkonce.tb.*)
 *(.rel.ctors)
 *(.rela.ctors)
 *(.rel.dtors)
 *(.rela.dtors)
 *(.rel.got)
 *(.rela.got)
 *(.rel.sdata .rel.sdata.* .rel.gnu.linkonce.s.*)
 *(.rela.sdata .rela.sdata.* .rela.gnu.linkonce.s.*)
 *(.rel.sbss .rel.sbss.* .rel.gnu.linkonce.sb.*)
 *(.rela.sbss .rela.sbss.* .rela.gnu.linkonce.sb.*)
 *(.rel.sdata2 .rel.sdata2.* .rel.gnu.linkonce.s2.*)
 *(.rela.sdata2 .rela.sdata2.* .rela.gnu.linkonce.s2.*)
 *(.rel.sbss2 .rel.sbss2.* .rel.gnu.linkonce.sb2.*)
 *(.rela.sbss2 .rela.sbss2.* .rela.gnu.linkonce.sb2.*)
 *(.rel.bss .rel.bss.* .rel.gnu.linkonce.b.*)
 *(.rela.bss .rela.bss.* .rela.gnu.linkonce.b.*)
 *(.rel.plt)
 *(.rela.plt)
 *(.rel.dyn)
 *(.init)
 *(.plt)
 *(.text .stub .text.* .gnu.linkonce.t.*)
 .text          0x00000000000001a8       0x3c BSP//obj/HAL/src/crt0.o
                0x00000000000001a8                _start
 .text          0x00000000000001e4       0x98 obj/default/adc_demo.o
                0x00000000000001e4                main
 .text          0x000000000000027c      0x118 BSP//libhal_bsp.a(alt_load.o)
                0x000000000000027c                alt_load
 .text          0x0000000000000394       0x50 BSP//libhal_bsp.a(alt_main.o)
                0x0000000000000394                alt_main
 .text          0x00000000000003e4      0x334 BSP//libhal_bsp.a(alt_sys_init.o)
                0x00000000000003e4                alt_irq_init
                0x0000000000000404                alt_sys_init
 .text          0x0000000000000718       0x8c BSP//libhal_bsp.a(altera_avalon_jtag_uart_fd.o)
                0x0000000000000718                altera_avalon_jtag_uart_read_fd
                0x000000000000073c                altera_avalon_jtag_uart_write_fd
                0x0000000000000760                altera_avalon_jtag_uart_close_fd
                0x0000000000000784                altera_avalon_jtag_uart_ioctl_fd
 .text          0x00000000000007a4      0x1f4 BSP//libhal_bsp.a(altera_avalon_jtag_uart_init.o)
                0x00000000000008ec                altera_avalon_jtag_uart_init
                0x0000000000000960                altera_avalon_jtag_uart_close
 .text          0x0000000000000998       0x84 BSP//libhal_bsp.a(altera_avalon_jtag_uart_ioctl.o)
                0x0000000000000998                altera_avalon_jtag_uart_ioctl
 .text          0x0000000000000a1c      0x158 BSP//libhal_bsp.a(altera_avalon_jtag_uart_read.o)
                0x0000000000000a1c                altera_avalon_jtag_uart_read
 .text          0x0000000000000b74      0x1a8 BSP//libhal_bsp.a(altera_avalon_jtag_uart_write.o)
                0x0000000000000b74                altera_avalon_jtag_uart_write
 .text          0x0000000000000d1c       0x78 BSP//libhal_bsp.a(altera_avalon_timer_sc.o)
                0x0000000000000d58                alt_avalon_timer_sc_init
 .text          0x0000000000000d94       0xb4 BSP//libhal_bsp.a(altera_up_avalon_adc.o)
                0x0000000000000d94                alt_up_adc_open_dev
                0x0000000000000db0                alt_up_adc_read
 .text          0x0000000000000e48       0x80 BSP//libhal_bsp.a(alt_alarm_start.o)
                0x0000000000000e48                alt_alarm_start
 .text          0x0000000000000ec8       0xc8 BSP//libhal_bsp.a(alt_close.o)
                0x0000000000000ec8                close
 .text          0x0000000000000f90        0x4 BSP//libhal_bsp.a(alt_dcache_flush_all.o)
                0x0000000000000f90                alt_dcache_flush_all
 .text          0x0000000000000f94        0x8 BSP//libhal_bsp.a(alt_dev.o)
 .text          0x0000000000000f9c       0x68 BSP//libhal_bsp.a(alt_dev_llist_insert.o)
                0x0000000000000f9c                alt_dev_llist_insert
 .text          0x0000000000001004        0x0 BSP//libhal_bsp.a(alt_errno.o)
 .text          0x0000000000001004       0x78 BSP//libhal_bsp.a(alt_find_dev.o)
                0x0000000000001004                alt_find_dev
 .text          0x000000000000107c       0x20 BSP//libhal_bsp.a(alt_icache_flush_all.o)
                0x000000000000107c                alt_icache_flush_all
 .text          0x000000000000109c       0xdc BSP//libhal_bsp.a(alt_io_redirect.o)
                0x0000000000001104                alt_io_redirect
 .text          0x0000000000001178       0xac BSP//libhal_bsp.a(alt_irq_register.o)
                0x0000000000001178                alt_irq_register
 .text          0x0000000000001224        0x0 BSP//libhal_bsp.a(alt_irq_vars.o)
 .text          0x0000000000001224      0x16c BSP//libhal_bsp.a(alt_open.o)
                0x0000000000001224                open
 .text          0x0000000000001390       0x24 BSP//libhal_bsp.a(alt_release_fd.o)
                0x0000000000001390                alt_release_fd
 .text          0x00000000000013b4       0xf4 BSP//libhal_bsp.a(alt_tick.o)
                0x00000000000013b4                alt_alarm_stop
                0x00000000000013e8                alt_tick
 .text          0x00000000000014a8        0x8 BSP//libhal_bsp.a(altera_nios2_gen2_irq.o)
                0x00000000000014a8                altera_nios2_gen2_irq_init
 .text          0x00000000000014b0       0xd0 BSP//libhal_bsp.a(alt_find_file.o)
                0x00000000000014b0                alt_find_file
 .text          0x0000000000001580       0x4c BSP//libhal_bsp.a(alt_get_fd.o)
                0x0000000000001580                alt_get_fd
 .text          0x00000000000015cc       0x54 BSP//libhal_bsp.a(alt_icache_flush.o)
                0x00000000000015cc                alt_icache_flush
 .text          0x0000000000001620        0x0 BSP//libhal_bsp.a(alt_irq_entry.o)
 .text          0x0000000000001620        0x0 BSP//libhal_bsp.a(alt_irq_handler.o)
 .text          0x0000000000001620        0x0 BSP//libhal_bsp.a(alt_exception_entry.o)
 .text          0x0000000000001620       0x24 BSP//libhal_bsp.a(alt_instruction_exception_entry.o)
                0x0000000000001620                alt_exception_cause_generated_bad_addr
 .text          0x0000000000001644        0x0 /home/adrian/intelFPGA_lite/21.1/nios2eds/bin/gnu/H-x86_64-pc-linux-gnu/bin/../lib/gcc/nios2-elf/11.2.1/../../../../../H-x86_64-pc-linux-gnu/nios2-elf/lib/mhw-mulx/libc.a(lib_a-exit.o)
 .text.exit     0x0000000000001644       0x34 /home/adrian/intelFPGA_lite/21.1/nios2eds/bin/gnu/H-x86_64-pc-linux-gnu/bin/../lib/gcc/nios2-elf/11.2.1/../../../../../H-x86_64-pc-linux-gnu/nios2-elf/lib/mhw-mulx/libc.a(lib_a-exit.o)
                0x0000000000001644                exit
 .text          0x0000000000001678        0x0 /home/adrian/intelFPGA_lite/21.1/nios2eds/bin/gnu/H-x86_64-pc-linux-gnu/bin/../lib/gcc/nios2-elf/11.2.1/../../../../../H-x86_64-pc-linux-gnu/nios2-elf/lib/mhw-mulx/libc.a(lib_a-impure.o)
 .text          0x0000000000001678        0x0 /home/adrian/intelFPGA_lite/21.1/nios2eds/bin/gnu/H-x86_64-pc-linux-gnu/bin/../lib/gcc/nios2-elf/11.2.1/../../../../../H-x86_64-pc-linux-gnu/nios2-elf/lib/mhw-mulx/libc.a(lib_a-int_errno.o)
 .text          0x0000000000001678        0x0 /home/adrian/intelFPGA_lite/21.1/nios2eds/bin/gnu/H-x86_64-pc-linux-gnu/bin/../lib/gcc/nios2-elf/11.2.1/../../../../../H-x86_64-pc-linux-gnu/nios2-elf/lib/mhw-mulx/libc.a(lib_a-memcmp.o)
 .text.memcmp   0x0000000000001678       0x78 /home/adrian/intelFPGA_lite/21.1/nios2eds/bin/gnu/H-x86_64-pc-linux-gnu/bin/../lib/gcc/nios2-elf/11.2.1/../../../../../H-x86_64-pc-linux-gnu/nios2-elf/lib/mhw-mulx/libc.a(lib_a-memcmp.o)
                0x0000000000001678                memcmp
 .text          0x00000000000016f0        0x0 /home/adrian/intelFPGA_lite/21.1/nios2eds/bin/gnu/H-x86_64-pc-linux-gnu/bin/../lib/gcc/nios2-elf/11.2.1/../../../../../H-x86_64-pc-linux-gnu/nios2-elf/lib/mhw-mulx/libc.a(lib_a-memcpy.o)
 .text.memcpy   0x00000000000016f0      0x100 /home/adrian/intelFPGA_lite/21.1/nios2eds/bin/gnu/H-x86_64-pc-linux-gnu/bin/../lib/gcc/nios2-elf/11.2.1/../../../../../H-x86_64-pc-linux-gnu/nios2-elf/lib/mhw-mulx/libc.a(lib_a-memcpy.o)
                0x00000000000016f0                memcpy
 .text          0x00000000000017f0        0x0 /home/adrian/intelFPGA_lite/21.1/nios2eds/bin/gnu/H-x86_64-pc-linux-gnu/bin/../lib/gcc/nios2-elf/11.2.1/../../../../../H-x86_64-pc-linux-gnu/nios2-elf/lib/mhw-mulx/libc.a(lib_a-strlen.o)
 .text.strlen   0x00000000000017f0       0x98 /home/adrian/intelFPGA_lite/21.1/nios2eds/bin/gnu/H-x86_64-pc-linux-gnu/bin/../lib/gcc/nios2-elf/11.2.1/../../../../../H-x86_64-pc-linux-gnu/nios2-elf/lib/mhw-mulx/libc.a(lib_a-strlen.o)
                0x00000000000017f0                strlen
 .text          0x0000000000001888        0x0 /home/adrian/intelFPGA_lite/21.1/nios2eds/bin/gnu/H-x86_64-pc-linux-gnu/bin/../lib/gcc/nios2-elf/11.2.1/../../../../../H-x86_64-pc-linux-gnu/nios2-elf/lib/mhw-mulx/libc.a(lib_a-__call_atexit.o)
 .text.__call_exitprocs
                0x0000000000001888      0x120 /home/adrian/intelFPGA_lite/21.1/nios2eds/bin/gnu/H-x86_64-pc-linux-gnu/bin/../lib/gcc/nios2-elf/11.2.1/../../../../../H-x86_64-pc-linux-gnu/nios2-elf/lib/mhw-mulx/libc.a(lib_a-__call_atexit.o)
                0x0000000000001888                __call_exitprocs
 .text          0x00000000000019a8       0x14 BSP//libhal_bsp.a(alt_exit.o)
                0x00000000000019a8                _exit
 *(.gnu.warning.*)
 *(.fini)
                [!provide]                        PROVIDE (__etext = ABSOLUTE (.))
                [!provide]                        PROVIDE (_etext = ABSOLUTE (.))
                [!provide]                        PROVIDE (etext = ABSOLUTE (.))
 *(.eh_frame_hdr)
                0x00000000000019bc                . = ALIGN (0x4)
                [!provide]                        PROVIDE (__preinit_array_start = ABSOLUTE (.))
 *(.preinit_array)
                [!provide]                        PROVIDE (__preinit_array_end = ABSOLUTE (.))
                [!provide]                        PROVIDE (__init_array_start = ABSOLUTE (.))
 *(.init_array)
                [!provide]                        PROVIDE (__init_array_end = ABSOLUTE (.))
                [!provide]                        PROVIDE (__fini_array_start = ABSOLUTE (.))
 *(.fini_array)
                [!provide]                        PROVIDE (__fini_array_end = ABSOLUTE (.))
 *(.eh_frame)
 *(.gcc_except_table .gcc_except_table.*)
 *(.dynamic)
                [!provide]                        PROVIDE (__CTOR_LIST__ = ABSOLUTE (.))
 *(.ctors)
 *(SORT_BY_NAME(.ctors.*))
                [!provide]                        PROVIDE (__CTOR_END__ = ABSOLUTE (.))
                [!provide]                        PROVIDE (__DTOR_LIST__ = ABSOLUTE (.))
 *(.dtors)
 *(SORT_BY_NAME(.dtors.*))
                [!provide]                        PROVIDE (__DTOR_END__ = ABSOLUTE (.))
 *(.jcr)
                0x00000000000019bc                . = ALIGN (0x4)

.rodata         0x0000000040000000       0xc8 load address 0x00000000000019bc
                0x0000000040000000                PROVIDE (__ram_rodata_start = ABSOLUTE (.))
                0x0000000040000000                . = ALIGN (0x4)
 *(.rodata .rodata.* .gnu.linkonce.r.*)
 .rodata.str1.4
                0x0000000040000000        0x9 obj/default/adc_demo.o
 *fill*         0x0000000040000009        0x3 
 .rodata.str1.4
                0x000000004000000c        0xf BSP//libhal_bsp.a(alt_main.o)
 *fill*         0x000000004000001b        0x1 
 .rodata.str1.4
                0x000000004000001c       0x9f BSP//libhal_bsp.a(alt_sys_init.o)
                                         0xbb (size before relaxing)
 *fill*         0x00000000400000bb        0x1 
 .rodata.str1.4
                0x00000000400000bc        0xa BSP//libhal_bsp.a(alt_dev.o)
 *(.rodata1)
                0x00000000400000c8                . = ALIGN (0x4)
 *fill*         0x00000000400000c6        0x2 
                0x00000000400000c8                PROVIDE (__ram_rodata_end = ABSOLUTE (.))
                0x00000000000019bc                PROVIDE (__flash_rodata_start = LOADADDR (.rodata))

.rwdata         0x00000000400000c8     0x17b0 load address 0x0000000000001a84
                0x00000000400000c8                PROVIDE (__ram_rwdata_start = ABSOLUTE (.))
                0x00000000400000c8                . = ALIGN (0x4)
 *(.got.plt)
 *(.got)
 *(.data1)
 *(.data .data.* .gnu.linkonce.d.*)
 .data          0x00000000400000c8        0x0 BSP//obj/HAL/src/crt0.o
 .data          0x00000000400000c8        0x0 obj/default/adc_demo.o
 .data          0x00000000400000c8        0x0 BSP//libhal_bsp.a(alt_load.o)
 .data          0x00000000400000c8        0x0 BSP//libhal_bsp.a(alt_main.o)
 .data          0x00000000400000c8     0x11b8 BSP//libhal_bsp.a(alt_sys_init.o)
 .data          0x0000000040001280        0x0 BSP//libhal_bsp.a(altera_avalon_jtag_uart_fd.o)
 .data          0x0000000040001280        0x0 BSP//libhal_bsp.a(altera_avalon_jtag_uart_init.o)
 .data          0x0000000040001280        0x0 BSP//libhal_bsp.a(altera_avalon_jtag_uart_ioctl.o)
 .data          0x0000000040001280        0x0 BSP//libhal_bsp.a(altera_avalon_jtag_uart_read.o)
 .data          0x0000000040001280        0x0 BSP//libhal_bsp.a(altera_avalon_jtag_uart_write.o)
 .data          0x0000000040001280        0x0 BSP//libhal_bsp.a(altera_avalon_timer_sc.o)
 .data          0x0000000040001280        0x0 BSP//libhal_bsp.a(altera_up_avalon_adc.o)
 .data          0x0000000040001280        0x0 BSP//libhal_bsp.a(alt_alarm_start.o)
 .data          0x0000000040001280        0x0 BSP//libhal_bsp.a(alt_close.o)
 .data          0x0000000040001280        0x0 BSP//libhal_bsp.a(alt_dcache_flush_all.o)
 .data          0x0000000040001280      0x1a8 BSP//libhal_bsp.a(alt_dev.o)
                0x0000000040001280                alt_fd_list
                0x0000000040001400                alt_dev_null
 .data          0x0000000040001428        0x0 BSP//libhal_bsp.a(alt_dev_llist_insert.o)
 .data          0x0000000040001428        0x0 BSP//libhal_bsp.a(alt_errno.o)
 .data          0x0000000040001428        0x0 BSP//libhal_bsp.a(alt_find_dev.o)
 .data          0x0000000040001428        0x0 BSP//libhal_bsp.a(alt_icache_flush_all.o)
 .data          0x0000000040001428        0x0 BSP//libhal_bsp.a(alt_io_redirect.o)
 .data          0x0000000040001428        0x0 BSP//libhal_bsp.a(alt_irq_register.o)
 .data          0x0000000040001428        0x0 BSP//libhal_bsp.a(alt_irq_vars.o)
 .data          0x0000000040001428        0x0 BSP//libhal_bsp.a(alt_open.o)
 .data          0x0000000040001428        0x0 BSP//libhal_bsp.a(alt_release_fd.o)
 .data          0x0000000040001428        0x0 BSP//libhal_bsp.a(alt_tick.o)
 .data          0x0000000040001428        0x0 BSP//libhal_bsp.a(altera_nios2_gen2_irq.o)
 .data          0x0000000040001428        0x0 BSP//libhal_bsp.a(alt_find_file.o)
 .data          0x0000000040001428        0x0 BSP//libhal_bsp.a(alt_get_fd.o)
 .data          0x0000000040001428        0x0 BSP//libhal_bsp.a(alt_icache_flush.o)
 .data          0x0000000040001428        0x0 BSP//libhal_bsp.a(alt_irq_entry.o)
 .data          0x0000000040001428        0x0 BSP//libhal_bsp.a(alt_irq_handler.o)
 .data          0x0000000040001428        0x0 BSP//libhal_bsp.a(alt_exception_entry.o)
 .data          0x0000000040001428        0x0 BSP//libhal_bsp.a(alt_instruction_exception_entry.o)
 .data          0x0000000040001428        0x0 /home/adrian/intelFPGA_lite/21.1/nios2eds/bin/gnu/H-x86_64-pc-linux-gnu/bin/../lib/gcc/nios2-elf/11.2.1/../../../../../H-x86_64-pc-linux-gnu/nios2-elf/lib/mhw-mulx/libc.a(lib_a-exit.o)
 .data          0x0000000040001428        0x0 /home/adrian/intelFPGA_lite/21.1/nios2eds/bin/gnu/H-x86_64-pc-linux-gnu/bin/../lib/gcc/nios2-elf/11.2.1/../../../../../H-x86_64-pc-linux-gnu/nios2-elf/lib/mhw-mulx/libc.a(lib_a-impure.o)
 .data.impure_data
                0x0000000040001428      0x424 /home/adrian/intelFPGA_lite/21.1/nios2eds/bin/gnu/H-x86_64-pc-linux-gnu/bin/../lib/gcc/nios2-elf/11.2.1/../../../../../H-x86_64-pc-linux-gnu/nios2-elf/lib/mhw-mulx/libc.a(lib_a-impure.o)
 .data          0x000000004000184c        0x0 /home/adrian/intelFPGA_lite/21.1/nios2eds/bin/gnu/H-x86_64-pc-linux-gnu/bin/../lib/gcc/nios2-elf/11.2.1/../../../../../H-x86_64-pc-linux-gnu/nios2-elf/lib/mhw-mulx/libc.a(lib_a-int_errno.o)
 .data          0x000000004000184c        0x0 /home/adrian/intelFPGA_lite/21.1/nios2eds/bin/gnu/H-x86_64-pc-linux-gnu/bin/../lib/gcc/nios2-elf/11.2.1/../../../../../H-x86_64-pc-linux-gnu/nios2-elf/lib/mhw-mulx/libc.a(lib_a-memcmp.o)
 .data          0x000000004000184c        0x0 /home/adrian/intelFPGA_lite/21.1/nios2eds/bin/gnu/H-x86_64-pc-linux-gnu/bin/../lib/gcc/nios2-elf/11.2.1/../../../../../H-x86_64-pc-linux-gnu/nios2-elf/lib/mhw-mulx/libc.a(lib_a-memcpy.o)
 .data          0x000000004000184c        0x0 /home/adrian/intelFPGA_lite/21.1/nios2eds/bin/gnu/H-x86_64-pc-linux-gnu/bin/../lib/gcc/nios2-elf/11.2.1/../../../../../H-x86_64-pc-linux-gnu/nios2-elf/lib/mhw-mulx/libc.a(lib_a-strlen.o)
 .data          0x000000004000184c        0x0 /home/adrian/intelFPGA_lite/21.1/nios2eds/bin/gnu/H-x86_64-pc-linux-gnu/bin/../lib/gcc/nios2-elf/11.2.1/../../../../../H-x86_64-pc-linux-gnu/nios2-elf/lib/mhw-mulx/libc.a(lib_a-__call_atexit.o)
 .data          0x000000004000184c        0x0 BSP//libhal_bsp.a(alt_exit.o)
                0x000000004000984c                _gp = ABSOLUTE ((. + 0x8000))
                [!provide]                        PROVIDE (gp = _gp)
 *(.rwdata .rwdata.*)
 *(.sdata .sdata.* .gnu.linkonce.s.*)
 .sdata         0x000000004000184c       0x14 BSP//libhal_bsp.a(alt_dev.o)
                0x000000004000184c                alt_max_fd
                0x0000000040001850                alt_dev_list
                0x0000000040001858                alt_fs_list
 .sdata         0x0000000040001860        0x4 BSP//libhal_bsp.a(alt_errno.o)
                0x0000000040001860                alt_errno
 .sdata         0x0000000040001864        0x4 BSP//libhal_bsp.a(alt_irq_vars.o)
                0x0000000040001864                alt_priority_mask
 .sdata         0x0000000040001868        0x8 BSP//libhal_bsp.a(alt_tick.o)
                0x0000000040001868                alt_alarm_list
 .sdata._global_impure_ptr
                0x0000000040001870        0x4 /home/adrian/intelFPGA_lite/21.1/nios2eds/bin/gnu/H-x86_64-pc-linux-gnu/bin/../lib/gcc/nios2-elf/11.2.1/../../../../../H-x86_64-pc-linux-gnu/nios2-elf/lib/mhw-mulx/libc.a(lib_a-impure.o)
                0x0000000040001870                _global_impure_ptr
 .sdata._impure_ptr
                0x0000000040001874        0x4 /home/adrian/intelFPGA_lite/21.1/nios2eds/bin/gnu/H-x86_64-pc-linux-gnu/bin/../lib/gcc/nios2-elf/11.2.1/../../../../../H-x86_64-pc-linux-gnu/nios2-elf/lib/mhw-mulx/libc.a(lib_a-impure.o)
                0x0000000040001874                _impure_ptr
 *(.sdata2 .sdata2.* .gnu.linkonce.s2.*)
                0x0000000040001878                . = ALIGN (0x4)
                0x0000000040001878                _edata = ABSOLUTE (.)
                [!provide]                        PROVIDE (edata = ABSOLUTE (.))
                0x0000000040001878                PROVIDE (__ram_rwdata_end = ABSOLUTE (.))
                0x0000000000001a84                PROVIDE (__flash_rwdata_start = LOADADDR (.rwdata))

.bss            0x0000000040001878      0x124 load address 0x0000000000003234
                0x0000000040001878                __bss_start = ABSOLUTE (.)
                [!provide]                        PROVIDE (__sbss_start = ABSOLUTE (.))
                [!provide]                        PROVIDE (___sbss_start = ABSOLUTE (.))
 *(.dynsbss)
 *(.sbss .sbss.* .gnu.linkonce.sb.*)
 .sbss          0x0000000040001878        0xc BSP//libhal_bsp.a(alt_main.o)
                0x0000000040001878                alt_envp
                0x000000004000187c                alt_argv
                0x0000000040001880                alt_argc
 .sbss          0x0000000040001884        0x4 BSP//libhal_bsp.a(alt_irq_vars.o)
                0x0000000040001884                alt_irq_active
 .sbss          0x0000000040001888        0xc BSP//libhal_bsp.a(alt_tick.o)
                0x0000000040001888                _alt_nticks
                0x0000000040001890                _alt_tick_rate
 .sbss          0x0000000040001894        0x4 BSP//libhal_bsp.a(alt_instruction_exception_entry.o)
                0x0000000040001894                alt_instruction_exception_handler
 .sbss.errno    0x0000000040001898        0x4 /home/adrian/intelFPGA_lite/21.1/nios2eds/bin/gnu/H-x86_64-pc-linux-gnu/bin/../lib/gcc/nios2-elf/11.2.1/../../../../../H-x86_64-pc-linux-gnu/nios2-elf/lib/mhw-mulx/libc.a(lib_a-int_errno.o)
                0x0000000040001898                errno
 *(.sbss2 .sbss2.* .gnu.linkonce.sb2.*)
 *(.scommon)
                [!provide]                        PROVIDE (__sbss_end = ABSOLUTE (.))
                [!provide]                        PROVIDE (___sbss_end = ABSOLUTE (.))
 *(.dynbss)
 *(.bss .bss.* .gnu.linkonce.b.*)
 .bss           0x000000004000189c        0x0 BSP//obj/HAL/src/crt0.o
 .bss           0x000000004000189c        0x0 obj/default/adc_demo.o
 .bss           0x000000004000189c        0x0 BSP//libhal_bsp.a(alt_load.o)
 .bss           0x000000004000189c        0x0 BSP//libhal_bsp.a(alt_main.o)
 .bss           0x000000004000189c        0x0 BSP//libhal_bsp.a(alt_sys_init.o)
 .bss           0x000000004000189c        0x0 BSP//libhal_bsp.a(altera_avalon_jtag_uart_fd.o)
 .bss           0x000000004000189c        0x0 BSP//libhal_bsp.a(altera_avalon_jtag_uart_init.o)
 .bss           0x000000004000189c        0x0 BSP//libhal_bsp.a(altera_avalon_jtag_uart_ioctl.o)
 .bss           0x000000004000189c        0x0 BSP//libhal_bsp.a(altera_avalon_jtag_uart_read.o)
 .bss           0x000000004000189c        0x0 BSP//libhal_bsp.a(altera_avalon_jtag_uart_write.o)
 .bss           0x000000004000189c        0x0 BSP//libhal_bsp.a(altera_avalon_timer_sc.o)
 .bss           0x000000004000189c        0x0 BSP//libhal_bsp.a(altera_up_avalon_adc.o)
 .bss           0x000000004000189c        0x0 BSP//libhal_bsp.a(alt_alarm_start.o)
 .bss           0x000000004000189c        0x0 BSP//libhal_bsp.a(alt_close.o)
 .bss           0x000000004000189c        0x0 BSP//libhal_bsp.a(alt_dcache_flush_all.o)
 .bss           0x000000004000189c        0x0 BSP//libhal_bsp.a(alt_dev.o)
 .bss           0x000000004000189c        0x0 BSP//libhal_bsp.a(alt_dev_llist_insert.o)
 .bss           0x000000004000189c        0x0 BSP//libhal_bsp.a(alt_errno.o)
 .bss           0x000000004000189c        0x0 BSP//libhal_bsp.a(alt_find_dev.o)
 .bss           0x000000004000189c        0x0 BSP//libhal_bsp.a(alt_icache_flush_all.o)
 .bss           0x000000004000189c        0x0 BSP//libhal_bsp.a(alt_io_redirect.o)
 .bss           0x000000004000189c        0x0 BSP//libhal_bsp.a(alt_irq_register.o)
 .bss           0x000000004000189c        0x0 BSP//libhal_bsp.a(alt_irq_vars.o)
 .bss           0x000000004000189c        0x0 BSP//libhal_bsp.a(alt_open.o)
 .bss           0x000000004000189c        0x0 BSP//libhal_bsp.a(alt_release_fd.o)
 .bss           0x000000004000189c        0x0 BSP//libhal_bsp.a(alt_tick.o)
 .bss           0x000000004000189c        0x0 BSP//libhal_bsp.a(altera_nios2_gen2_irq.o)
 .bss           0x000000004000189c        0x0 BSP//libhal_bsp.a(alt_find_file.o)
 .bss           0x000000004000189c        0x0 BSP//libhal_bsp.a(alt_get_fd.o)
 .bss           0x000000004000189c        0x0 BSP//libhal_bsp.a(alt_icache_flush.o)
 .bss           0x000000004000189c        0x0 BSP//libhal_bsp.a(alt_irq_entry.o)
 .bss           0x000000004000189c      0x100 BSP//libhal_bsp.a(alt_irq_handler.o)
                0x000000004000189c                alt_irq
 .bss           0x000000004000199c        0x0 BSP//libhal_bsp.a(alt_exception_entry.o)
 .bss           0x000000004000199c        0x0 BSP//libhal_bsp.a(alt_instruction_exception_entry.o)
 .bss           0x000000004000199c        0x0 /home/adrian/intelFPGA_lite/21.1/nios2eds/bin/gnu/H-x86_64-pc-linux-gnu/bin/../lib/gcc/nios2-elf/11.2.1/../../../../../H-x86_64-pc-linux-gnu/nios2-elf/lib/mhw-mulx/libc.a(lib_a-exit.o)
 .bss           0x000000004000199c        0x0 /home/adrian/intelFPGA_lite/21.1/nios2eds/bin/gnu/H-x86_64-pc-linux-gnu/bin/../lib/gcc/nios2-elf/11.2.1/../../../../../H-x86_64-pc-linux-gnu/nios2-elf/lib/mhw-mulx/libc.a(lib_a-impure.o)
 .bss           0x000000004000199c        0x0 /home/adrian/intelFPGA_lite/21.1/nios2eds/bin/gnu/H-x86_64-pc-linux-gnu/bin/../lib/gcc/nios2-elf/11.2.1/../../../../../H-x86_64-pc-linux-gnu/nios2-elf/lib/mhw-mulx/libc.a(lib_a-int_errno.o)
 .bss           0x000000004000199c        0x0 /home/adrian/intelFPGA_lite/21.1/nios2eds/bin/gnu/H-x86_64-pc-linux-gnu/bin/../lib/gcc/nios2-elf/11.2.1/../../../../../H-x86_64-pc-linux-gnu/nios2-elf/lib/mhw-mulx/libc.a(lib_a-memcmp.o)
 .bss           0x000000004000199c        0x0 /home/adrian/intelFPGA_lite/21.1/nios2eds/bin/gnu/H-x86_64-pc-linux-gnu/bin/../lib/gcc/nios2-elf/11.2.1/../../../../../H-x86_64-pc-linux-gnu/nios2-elf/lib/mhw-mulx/libc.a(lib_a-memcpy.o)
 .bss           0x000000004000199c        0x0 /home/adrian/intelFPGA_lite/21.1/nios2eds/bin/gnu/H-x86_64-pc-linux-gnu/bin/../lib/gcc/nios2-elf/11.2.1/../../../../../H-x86_64-pc-linux-gnu/nios2-elf/lib/mhw-mulx/libc.a(lib_a-strlen.o)
 .bss           0x000000004000199c        0x0 /home/adrian/intelFPGA_lite/21.1/nios2eds/bin/gnu/H-x86_64-pc-linux-gnu/bin/../lib/gcc/nios2-elf/11.2.1/../../../../../H-x86_64-pc-linux-gnu/nios2-elf/lib/mhw-mulx/libc.a(lib_a-__call_atexit.o)
 .bss           0x000000004000199c        0x0 BSP//libhal_bsp.a(alt_exit.o)
 *(COMMON)
                0x000000004000199c                . = ALIGN (0x4)
                0x000000004000199c                __bss_end = ABSOLUTE (.)

.Nios2_SRAM     0x0000000000003234        0x0
                [!provide]                        PROVIDE (_alt_partition_Nios2_SRAM_start = ABSOLUTE (.))
 *(.Nios2_SRAM .Nios2_SRAM. Nios2_SRAM.*)
                0x0000000000003234                . = ALIGN (0x4)
                [!provide]                        PROVIDE (_alt_partition_Nios2_SRAM_end = ABSOLUTE (.))
                [!provide]                        PROVIDE (_alt_partition_Nios2_SRAM_load_addr = LOADADDR (.Nios2_SRAM))

.Nios2_2nd_Core_SRAM
                0x0000000000010000        0x0 load address 0x0000000000003234
                [!provide]                        PROVIDE (_alt_partition_Nios2_2nd_Core_SRAM_start = ABSOLUTE (.))
 *(.Nios2_2nd_Core_SRAM .Nios2_2nd_Core_SRAM. Nios2_2nd_Core_SRAM.*)
                0x0000000000010000                . = ALIGN (0x4)
                [!provide]                        PROVIDE (_alt_partition_Nios2_2nd_Core_SRAM_end = ABSOLUTE (.))
                [!provide]                        PROVIDE (_alt_partition_Nios2_2nd_Core_SRAM_load_addr = LOADADDR (.Nios2_2nd_Core_SRAM))

.Onchip_SRAM    0x0000000008000000        0x0 load address 0x0000000000003234
                [!provide]                        PROVIDE (_alt_partition_Onchip_SRAM_start = ABSOLUTE (.))
 *(.Onchip_SRAM .Onchip_SRAM. Onchip_SRAM.*)
                0x0000000008000000                . = ALIGN (0x4)
                [!provide]                        PROVIDE (_alt_partition_Onchip_SRAM_end = ABSOLUTE (.))
                [!provide]                        PROVIDE (_alt_partition_Onchip_SRAM_load_addr = LOADADDR (.Onchip_SRAM))

.VGA_Subsystem_Char_Buf_Subsystem_Onchip_SRAM
                0x0000000009000000        0x0 load address 0x0000000000003234
                [!provide]                        PROVIDE (_alt_partition_VGA_Subsystem_Char_Buf_Subsystem_Onchip_SRAM_start = ABSOLUTE (.))
 *(.VGA_Subsystem_Char_Buf_Subsystem_Onchip_SRAM .VGA_Subsystem_Char_Buf_Subsystem_Onchip_SRAM. VGA_Subsystem_Char_Buf_Subsystem_Onchip_SRAM.*)
                0x0000000009000000                . = ALIGN (0x4)
                [!provide]                        PROVIDE (_alt_partition_VGA_Subsystem_Char_Buf_Subsystem_Onchip_SRAM_end = ABSOLUTE (.))
                [!provide]                        PROVIDE (_alt_partition_VGA_Subsystem_Char_Buf_Subsystem_Onchip_SRAM_load_addr = LOADADDR (.VGA_Subsystem_Char_Buf_Subsystem_Onchip_SRAM))

.ARM_A9_HPS_axi_sdram
                0x000000004000199c        0x0 load address 0x0000000000003234
                [!provide]                        PROVIDE (_alt_partition_ARM_A9_HPS_axi_sdram_start = ABSOLUTE (.))
 *(.ARM_A9_HPS_axi_sdram .ARM_A9_HPS_axi_sdram. ARM_A9_HPS_axi_sdram.*)
                0x000000004000199c                . = ALIGN (0x4)
                [!provide]                        PROVIDE (_alt_partition_ARM_A9_HPS_axi_sdram_end = ABSOLUTE (.))
                0x000000004000199c                _end = ABSOLUTE (.)
                0x000000004000199c                end = ABSOLUTE (.)
                0x000000004000199c                __alt_stack_base = ABSOLUTE (.)
                [!provide]                        PROVIDE (_alt_partition_ARM_A9_HPS_axi_sdram_load_addr = LOADADDR (.ARM_A9_HPS_axi_sdram))

.stab
 *(.stab)

.stabstr
 *(.stabstr)

.stab.excl
 *(.stab.excl)

.stab.exclstr
 *(.stab.exclstr)

.stab.index
 *(.stab.index)

.stab.indexstr
 *(.stab.indexstr)

.comment        0x0000000000000000       0x2d
 *(.comment)
 .comment       0x0000000000000000       0x2d obj/default/adc_demo.o
                                         0x2e (size before relaxing)
 .comment       0x000000000000002d       0x2e BSP//libhal_bsp.a(alt_load.o)
 .comment       0x000000000000002d       0x2e BSP//libhal_bsp.a(alt_main.o)
 .comment       0x000000000000002d       0x2e BSP//libhal_bsp.a(alt_sys_init.o)
 .comment       0x000000000000002d       0x2e BSP//libhal_bsp.a(altera_avalon_jtag_uart_fd.o)
 .comment       0x000000000000002d       0x2e BSP//libhal_bsp.a(altera_avalon_jtag_uart_init.o)
 .comment       0x000000000000002d       0x2e BSP//libhal_bsp.a(altera_avalon_jtag_uart_ioctl.o)
 .comment       0x000000000000002d       0x2e BSP//libhal_bsp.a(altera_avalon_jtag_uart_read.o)
 .comment       0x000000000000002d       0x2e BSP//libhal_bsp.a(altera_avalon_jtag_uart_write.o)
 .comment       0x000000000000002d       0x2e BSP//libhal_bsp.a(altera_avalon_timer_sc.o)
 .comment       0x000000000000002d       0x2e BSP//libhal_bsp.a(altera_up_avalon_adc.o)
 .comment       0x000000000000002d       0x2e BSP//libhal_bsp.a(alt_alarm_start.o)
 .comment       0x000000000000002d       0x2e BSP//libhal_bsp.a(alt_close.o)
 .comment       0x000000000000002d       0x2e BSP//libhal_bsp.a(alt_dcache_flush_all.o)
 .comment       0x000000000000002d       0x2e BSP//libhal_bsp.a(alt_dev.o)
 .comment       0x000000000000002d       0x2e BSP//libhal_bsp.a(alt_dev_llist_insert.o)
 .comment       0x000000000000002d       0x2e BSP//libhal_bsp.a(alt_errno.o)
 .comment       0x000000000000002d       0x2e BSP//libhal_bsp.a(alt_find_dev.o)
 .comment       0x000000000000002d       0x2e BSP//libhal_bsp.a(alt_icache_flush_all.o)
 .comment       0x000000000000002d       0x2e BSP//libhal_bsp.a(alt_io_redirect.o)
 .comment       0x000000000000002d       0x2e BSP//libhal_bsp.a(alt_irq_register.o)
 .comment       0x000000000000002d       0x2e BSP//libhal_bsp.a(alt_irq_vars.o)
 .comment       0x000000000000002d       0x2e BSP//libhal_bsp.a(alt_open.o)
 .comment       0x000000000000002d       0x2e BSP//libhal_bsp.a(alt_release_fd.o)
 .comment       0x000000000000002d       0x2e BSP//libhal_bsp.a(alt_tick.o)
 .comment       0x000000000000002d       0x2e BSP//libhal_bsp.a(altera_nios2_gen2_irq.o)
 .comment       0x000000000000002d       0x2e BSP//libhal_bsp.a(alt_find_file.o)
 .comment       0x000000000000002d       0x2e BSP//libhal_bsp.a(alt_get_fd.o)
 .comment       0x000000000000002d       0x2e BSP//libhal_bsp.a(alt_icache_flush.o)
 .comment       0x000000000000002d       0x2e BSP//libhal_bsp.a(alt_irq_handler.o)
 .comment       0x000000000000002d       0x2e BSP//libhal_bsp.a(alt_instruction_exception_entry.o)
 .comment       0x000000000000002d       0x2e /home/adrian/intelFPGA_lite/21.1/nios2eds/bin/gnu/H-x86_64-pc-linux-gnu/bin/../lib/gcc/nios2-elf/11.2.1/../../../../../H-x86_64-pc-linux-gnu/nios2-elf/lib/mhw-mulx/libc.a(lib_a-exit.o)
 .comment       0x000000000000002d       0x2e /home/adrian/intelFPGA_lite/21.1/nios2eds/bin/gnu/H-x86_64-pc-linux-gnu/bin/../lib/gcc/nios2-elf/11.2.1/../../../../../H-x86_64-pc-linux-gnu/nios2-elf/lib/mhw-mulx/libc.a(lib_a-impure.o)
 .comment       0x000000000000002d       0x2e /home/adrian/intelFPGA_lite/21.1/nios2eds/bin/gnu/H-x86_64-pc-linux-gnu/bin/../lib/gcc/nios2-elf/11.2.1/../../../../../H-x86_64-pc-linux-gnu/nios2-elf/lib/mhw-mulx/libc.a(lib_a-int_errno.o)
 .comment       0x000000000000002d       0x2e /home/adrian/intelFPGA_lite/21.1/nios2eds/bin/gnu/H-x86_64-pc-linux-gnu/bin/../lib/gcc/nios2-elf/11.2.1/../../../../../H-x86_64-pc-linux-gnu/nios2-elf/lib/mhw-mulx/libc.a(lib_a-memcmp.o)
 .comment       0x000000000000002d       0x2e /home/adrian/intelFPGA_lite/21.1/nios2eds/bin/gnu/H-x86_64-pc-linux-gnu/bin/../lib/gcc/nios2-elf/11.2.1/../../../../../H-x86_64-pc-linux-gnu/nios2-elf/lib/mhw-mulx/libc.a(lib_a-memcpy.o)
 .comment       0x000000000000002d       0x2e /home/adrian/intelFPGA_lite/21.1/nios2eds/bin/gnu/H-x86_64-pc-linux-gnu/bin/../lib/gcc/nios2-elf/11.2.1/../../../../../H-x86_64-pc-linux-gnu/nios2-elf/lib/mhw-mulx/libc.a(lib_a-strlen.o)
 .comment       0x000000000000002d       0x2e /home/adrian/intelFPGA_lite/21.1/nios2eds/bin/gnu/H-x86_64-pc-linux-gnu/bin/../lib/gcc/nios2-elf/11.2.1/../../../../../H-x86_64-pc-linux-gnu/nios2-elf/lib/mhw-mulx/libc.a(lib_a-__call_atexit.o)
 .comment       0x000000000000002d       0x2e BSP//libhal_bsp.a(alt_exit.o)

.debug
 *(.debug)

.line
 *(.line)

.debug_srcinfo
 *(.debug_srcinfo)

.debug_sfnames
 *(.debug_sfnames)

.debug_aranges  0x0000000000000000      0x550
 *(.debug_aranges)
 .debug_aranges
                0x0000000000000000       0x28 BSP//obj/HAL/src/crt0.o
 .debug_aranges
                0x0000000000000028       0x20 obj/default/adc_demo.o
 .debug_aranges
                0x0000000000000048       0x20 BSP//libhal_bsp.a(alt_load.o)
 .debug_aranges
                0x0000000000000068       0x20 BSP//libhal_bsp.a(alt_main.o)
 .debug_aranges
                0x0000000000000088       0x20 BSP//libhal_bsp.a(alt_sys_init.o)
 .debug_aranges
                0x00000000000000a8       0x20 BSP//libhal_bsp.a(altera_avalon_jtag_uart_fd.o)
 .debug_aranges
                0x00000000000000c8       0x20 BSP//libhal_bsp.a(altera_avalon_jtag_uart_init.o)
 .debug_aranges
                0x00000000000000e8       0x20 BSP//libhal_bsp.a(altera_avalon_jtag_uart_ioctl.o)
 .debug_aranges
                0x0000000000000108       0x20 BSP//libhal_bsp.a(altera_avalon_jtag_uart_read.o)
 .debug_aranges
                0x0000000000000128       0x20 BSP//libhal_bsp.a(altera_avalon_jtag_uart_write.o)
 .debug_aranges
                0x0000000000000148       0x20 BSP//libhal_bsp.a(altera_avalon_timer_sc.o)
 .debug_aranges
                0x0000000000000168       0x20 BSP//libhal_bsp.a(altera_up_avalon_adc.o)
 .debug_aranges
                0x0000000000000188       0x20 BSP//libhal_bsp.a(alt_alarm_start.o)
 .debug_aranges
                0x00000000000001a8       0x20 BSP//libhal_bsp.a(alt_close.o)
 .debug_aranges
                0x00000000000001c8       0x20 BSP//libhal_bsp.a(alt_dcache_flush_all.o)
 .debug_aranges
                0x00000000000001e8       0x20 BSP//libhal_bsp.a(alt_dev.o)
 .debug_aranges
                0x0000000000000208       0x20 BSP//libhal_bsp.a(alt_dev_llist_insert.o)
 .debug_aranges
                0x0000000000000228       0x18 BSP//libhal_bsp.a(alt_errno.o)
 .debug_aranges
                0x0000000000000240       0x20 BSP//libhal_bsp.a(alt_find_dev.o)
 .debug_aranges
                0x0000000000000260       0x20 BSP//libhal_bsp.a(alt_icache_flush_all.o)
 .debug_aranges
                0x0000000000000280       0x20 BSP//libhal_bsp.a(alt_io_redirect.o)
 .debug_aranges
                0x00000000000002a0       0x20 BSP//libhal_bsp.a(alt_irq_register.o)
 .debug_aranges
                0x00000000000002c0       0x18 BSP//libhal_bsp.a(alt_irq_vars.o)
 .debug_aranges
                0x00000000000002d8       0x20 BSP//libhal_bsp.a(alt_open.o)
 .debug_aranges
                0x00000000000002f8       0x20 BSP//libhal_bsp.a(alt_release_fd.o)
 .debug_aranges
                0x0000000000000318       0x20 BSP//libhal_bsp.a(alt_tick.o)
 .debug_aranges
                0x0000000000000338       0x20 BSP//libhal_bsp.a(altera_nios2_gen2_irq.o)
 .debug_aranges
                0x0000000000000358       0x20 BSP//libhal_bsp.a(alt_find_file.o)
 .debug_aranges
                0x0000000000000378       0x20 BSP//libhal_bsp.a(alt_get_fd.o)
 .debug_aranges
                0x0000000000000398       0x20 BSP//libhal_bsp.a(alt_icache_flush.o)
 .debug_aranges
                0x00000000000003b8       0x30 BSP//libhal_bsp.a(alt_irq_entry.o)
 .debug_aranges
                0x00000000000003e8       0x20 BSP//libhal_bsp.a(alt_irq_handler.o)
 .debug_aranges
                0x0000000000000408       0x30 BSP//libhal_bsp.a(alt_exception_entry.o)
 .debug_aranges
                0x0000000000000438       0x28 BSP//libhal_bsp.a(alt_instruction_exception_entry.o)
 .debug_aranges
                0x0000000000000460       0x20 /home/adrian/intelFPGA_lite/21.1/nios2eds/bin/gnu/H-x86_64-pc-linux-gnu/bin/../lib/gcc/nios2-elf/11.2.1/../../../../../H-x86_64-pc-linux-gnu/nios2-elf/lib/mhw-mulx/libc.a(lib_a-exit.o)
 .debug_aranges
                0x0000000000000480       0x18 /home/adrian/intelFPGA_lite/21.1/nios2eds/bin/gnu/H-x86_64-pc-linux-gnu/bin/../lib/gcc/nios2-elf/11.2.1/../../../../../H-x86_64-pc-linux-gnu/nios2-elf/lib/mhw-mulx/libc.a(lib_a-impure.o)
 .debug_aranges
                0x0000000000000498       0x18 /home/adrian/intelFPGA_lite/21.1/nios2eds/bin/gnu/H-x86_64-pc-linux-gnu/bin/../lib/gcc/nios2-elf/11.2.1/../../../../../H-x86_64-pc-linux-gnu/nios2-elf/lib/mhw-mulx/libc.a(lib_a-int_errno.o)
 .debug_aranges
                0x00000000000004b0       0x20 /home/adrian/intelFPGA_lite/21.1/nios2eds/bin/gnu/H-x86_64-pc-linux-gnu/bin/../lib/gcc/nios2-elf/11.2.1/../../../../../H-x86_64-pc-linux-gnu/nios2-elf/lib/mhw-mulx/libc.a(lib_a-memcmp.o)
 .debug_aranges
                0x00000000000004d0       0x20 /home/adrian/intelFPGA_lite/21.1/nios2eds/bin/gnu/H-x86_64-pc-linux-gnu/bin/../lib/gcc/nios2-elf/11.2.1/../../../../../H-x86_64-pc-linux-gnu/nios2-elf/lib/mhw-mulx/libc.a(lib_a-memcpy.o)
 .debug_aranges
                0x00000000000004f0       0x20 /home/adrian/intelFPGA_lite/21.1/nios2eds/bin/gnu/H-x86_64-pc-linux-gnu/bin/../lib/gcc/nios2-elf/11.2.1/../../../../../H-x86_64-pc-linux-gnu/nios2-elf/lib/mhw-mulx/libc.a(lib_a-strlen.o)
 .debug_aranges
                0x0000000000000510       0x20 /home/adrian/intelFPGA_lite/21.1/nios2eds/bin/gnu/H-x86_64-pc-linux-gnu/bin/../lib/gcc/nios2-elf/11.2.1/../../../../../H-x86_64-pc-linux-gnu/nios2-elf/lib/mhw-mulx/libc.a(lib_a-__call_atexit.o)
 .debug_aranges
                0x0000000000000530       0x20 BSP//libhal_bsp.a(alt_exit.o)

.debug_pubnames
 *(.debug_pubnames)

.debug_info     0x0000000000000000     0x7fb6
 *(.debug_info .gnu.linkonce.wi.*)
 .debug_info    0x0000000000000000       0x22 BSP//obj/HAL/src/crt0.o
 .debug_info    0x0000000000000022      0x392 obj/default/adc_demo.o
 .debug_info    0x00000000000003b4      0x1ee BSP//libhal_bsp.a(alt_load.o)
 .debug_info    0x00000000000005a2      0x1ea BSP//libhal_bsp.a(alt_main.o)
 .debug_info    0x000000000000078c      0x9da BSP//libhal_bsp.a(alt_sys_init.o)
 .debug_info    0x0000000000001166      0x62a BSP//libhal_bsp.a(altera_avalon_jtag_uart_fd.o)
 .debug_info    0x0000000000001790      0x490 BSP//libhal_bsp.a(altera_avalon_jtag_uart_init.o)
 .debug_info    0x0000000000001c20      0x26d BSP//libhal_bsp.a(altera_avalon_jtag_uart_ioctl.o)
 .debug_info    0x0000000000001e8d      0x3d8 BSP//libhal_bsp.a(altera_avalon_jtag_uart_read.o)
 .debug_info    0x0000000000002265      0x3d4 BSP//libhal_bsp.a(altera_avalon_jtag_uart_write.o)
 .debug_info    0x0000000000002639      0x291 BSP//libhal_bsp.a(altera_avalon_timer_sc.o)
 .debug_info    0x00000000000028ca      0x38a BSP//libhal_bsp.a(altera_up_avalon_adc.o)
 .debug_info    0x0000000000002c54      0x2f7 BSP//libhal_bsp.a(alt_alarm_start.o)
 .debug_info    0x0000000000002f4b      0x379 BSP//libhal_bsp.a(alt_close.o)
 .debug_info    0x00000000000032c4       0x8d BSP//libhal_bsp.a(alt_dcache_flush_all.o)
 .debug_info    0x0000000000003351      0x564 BSP//libhal_bsp.a(alt_dev.o)
 .debug_info    0x00000000000038b5      0x1cd BSP//libhal_bsp.a(alt_dev_llist_insert.o)
 .debug_info    0x0000000000003a82       0xa8 BSP//libhal_bsp.a(alt_errno.o)
 .debug_info    0x0000000000003b2a      0x361 BSP//libhal_bsp.a(alt_find_dev.o)
 .debug_info    0x0000000000003e8b       0xc9 BSP//libhal_bsp.a(alt_icache_flush_all.o)
 .debug_info    0x0000000000003f54      0x612 BSP//libhal_bsp.a(alt_io_redirect.o)
 .debug_info    0x0000000000004566      0x355 BSP//libhal_bsp.a(alt_irq_register.o)
 .debug_info    0x00000000000048bb       0x88 BSP//libhal_bsp.a(alt_irq_vars.o)
 .debug_info    0x0000000000004943      0x4e7 BSP//libhal_bsp.a(alt_open.o)
 .debug_info    0x0000000000004e2a      0x2b1 BSP//libhal_bsp.a(alt_release_fd.o)
 .debug_info    0x00000000000050db      0x2df BSP//libhal_bsp.a(alt_tick.o)
 .debug_info    0x00000000000053ba       0x8d BSP//libhal_bsp.a(altera_nios2_gen2_irq.o)
 .debug_info    0x0000000000005447      0x35d BSP//libhal_bsp.a(alt_find_file.o)
 .debug_info    0x00000000000057a4      0x30d BSP//libhal_bsp.a(alt_get_fd.o)
 .debug_info    0x0000000000005ab1       0xec BSP//libhal_bsp.a(alt_icache_flush.o)
 .debug_info    0x0000000000005b9d       0x22 BSP//libhal_bsp.a(alt_irq_entry.o)
 .debug_info    0x0000000000005bbf      0x198 BSP//libhal_bsp.a(alt_irq_handler.o)
 .debug_info    0x0000000000005d57       0x22 BSP//libhal_bsp.a(alt_exception_entry.o)
 .debug_info    0x0000000000005d79      0x209 BSP//libhal_bsp.a(alt_instruction_exception_entry.o)
 .debug_info    0x0000000000005f82      0x90e /home/adrian/intelFPGA_lite/21.1/nios2eds/bin/gnu/H-x86_64-pc-linux-gnu/bin/../lib/gcc/nios2-elf/11.2.1/../../../../../H-x86_64-pc-linux-gnu/nios2-elf/lib/mhw-mulx/libc.a(lib_a-exit.o)
 .debug_info    0x0000000000006890      0x8c0 /home/adrian/intelFPGA_lite/21.1/nios2eds/bin/gnu/H-x86_64-pc-linux-gnu/bin/../lib/gcc/nios2-elf/11.2.1/../../../../../H-x86_64-pc-linux-gnu/nios2-elf/lib/mhw-mulx/libc.a(lib_a-impure.o)
 .debug_info    0x0000000000007150       0x85 /home/adrian/intelFPGA_lite/21.1/nios2eds/bin/gnu/H-x86_64-pc-linux-gnu/bin/../lib/gcc/nios2-elf/11.2.1/../../../../../H-x86_64-pc-linux-gnu/nios2-elf/lib/mhw-mulx/libc.a(lib_a-int_errno.o)
 .debug_info    0x00000000000071d5      0x12b /home/adrian/intelFPGA_lite/21.1/nios2eds/bin/gnu/H-x86_64-pc-linux-gnu/bin/../lib/gcc/nios2-elf/11.2.1/../../../../../H-x86_64-pc-linux-gnu/nios2-elf/lib/mhw-mulx/libc.a(lib_a-memcmp.o)
 .debug_info    0x0000000000007300      0x157 /home/adrian/intelFPGA_lite/21.1/nios2eds/bin/gnu/H-x86_64-pc-linux-gnu/bin/../lib/gcc/nios2-elf/11.2.1/../../../../../H-x86_64-pc-linux-gnu/nios2-elf/lib/mhw-mulx/libc.a(lib_a-memcpy.o)
 .debug_info    0x0000000000007457       0xeb /home/adrian/intelFPGA_lite/21.1/nios2eds/bin/gnu/H-x86_64-pc-linux-gnu/bin/../lib/gcc/nios2-elf/11.2.1/../../../../../H-x86_64-pc-linux-gnu/nios2-elf/lib/mhw-mulx/libc.a(lib_a-strlen.o)
 .debug_info    0x0000000000007542      0x981 /home/adrian/intelFPGA_lite/21.1/nios2eds/bin/gnu/H-x86_64-pc-linux-gnu/bin/../lib/gcc/nios2-elf/11.2.1/../../../../../H-x86_64-pc-linux-gnu/nios2-elf/lib/mhw-mulx/libc.a(lib_a-__call_atexit.o)
 .debug_info    0x0000000000007ec3       0xf3 BSP//libhal_bsp.a(alt_exit.o)

.debug_abbrev   0x0000000000000000     0x3122
 *(.debug_abbrev)
 .debug_abbrev  0x0000000000000000       0x12 BSP//obj/HAL/src/crt0.o
 .debug_abbrev  0x0000000000000012      0x119 obj/default/adc_demo.o
 .debug_abbrev  0x000000000000012b       0xf0 BSP//libhal_bsp.a(alt_load.o)
 .debug_abbrev  0x000000000000021b      0x11c BSP//libhal_bsp.a(alt_main.o)
 .debug_abbrev  0x0000000000000337      0x270 BSP//libhal_bsp.a(alt_sys_init.o)
 .debug_abbrev  0x00000000000005a7      0x18a BSP//libhal_bsp.a(altera_avalon_jtag_uart_fd.o)
 .debug_abbrev  0x0000000000000731      0x22a BSP//libhal_bsp.a(altera_avalon_jtag_uart_init.o)
 .debug_abbrev  0x000000000000095b      0x12e BSP//libhal_bsp.a(altera_avalon_jtag_uart_ioctl.o)
 .debug_abbrev  0x0000000000000a89      0x226 BSP//libhal_bsp.a(altera_avalon_jtag_uart_read.o)
 .debug_abbrev  0x0000000000000caf      0x214 BSP//libhal_bsp.a(altera_avalon_jtag_uart_write.o)
 .debug_abbrev  0x0000000000000ec3      0x1ad BSP//libhal_bsp.a(altera_avalon_timer_sc.o)
 .debug_abbrev  0x0000000000001070      0x14f BSP//libhal_bsp.a(altera_up_avalon_adc.o)
 .debug_abbrev  0x00000000000011bf      0x1c4 BSP//libhal_bsp.a(alt_alarm_start.o)
 .debug_abbrev  0x0000000000001383      0x17c BSP//libhal_bsp.a(alt_close.o)
 .debug_abbrev  0x00000000000014ff       0x43 BSP//libhal_bsp.a(alt_dcache_flush_all.o)
 .debug_abbrev  0x0000000000001542      0x11b BSP//libhal_bsp.a(alt_dev.o)
 .debug_abbrev  0x000000000000165d      0x149 BSP//libhal_bsp.a(alt_dev_llist_insert.o)
 .debug_abbrev  0x00000000000017a6       0x70 BSP//libhal_bsp.a(alt_errno.o)
 .debug_abbrev  0x0000000000001816      0x132 BSP//libhal_bsp.a(alt_find_dev.o)
 .debug_abbrev  0x0000000000001948       0x87 BSP//libhal_bsp.a(alt_icache_flush_all.o)
 .debug_abbrev  0x00000000000019cf      0x186 BSP//libhal_bsp.a(alt_io_redirect.o)
 .debug_abbrev  0x0000000000001b55      0x1e4 BSP//libhal_bsp.a(alt_irq_register.o)
 .debug_abbrev  0x0000000000001d39       0x46 BSP//libhal_bsp.a(alt_irq_vars.o)
 .debug_abbrev  0x0000000000001d7f      0x200 BSP//libhal_bsp.a(alt_open.o)
 .debug_abbrev  0x0000000000001f7f       0xed BSP//libhal_bsp.a(alt_release_fd.o)
 .debug_abbrev  0x000000000000206c      0x1a4 BSP//libhal_bsp.a(alt_tick.o)
 .debug_abbrev  0x0000000000002210       0x43 BSP//libhal_bsp.a(altera_nios2_gen2_irq.o)
 .debug_abbrev  0x0000000000002253      0x143 BSP//libhal_bsp.a(alt_find_file.o)
 .debug_abbrev  0x0000000000002396      0x137 BSP//libhal_bsp.a(alt_get_fd.o)
 .debug_abbrev  0x00000000000024cd       0xa0 BSP//libhal_bsp.a(alt_icache_flush.o)
 .debug_abbrev  0x000000000000256d       0x12 BSP//libhal_bsp.a(alt_irq_entry.o)
 .debug_abbrev  0x000000000000257f      0x142 BSP//libhal_bsp.a(alt_irq_handler.o)
 .debug_abbrev  0x00000000000026c1       0x12 BSP//libhal_bsp.a(alt_exception_entry.o)
 .debug_abbrev  0x00000000000026d3      0x103 BSP//libhal_bsp.a(alt_instruction_exception_entry.o)
 .debug_abbrev  0x00000000000027d6      0x23e /home/adrian/intelFPGA_lite/21.1/nios2eds/bin/gnu/H-x86_64-pc-linux-gnu/bin/../lib/gcc/nios2-elf/11.2.1/../../../../../H-x86_64-pc-linux-gnu/nios2-elf/lib/mhw-mulx/libc.a(lib_a-exit.o)
 .debug_abbrev  0x0000000000002a14      0x1db /home/adrian/intelFPGA_lite/21.1/nios2eds/bin/gnu/H-x86_64-pc-linux-gnu/bin/../lib/gcc/nios2-elf/11.2.1/../../../../../H-x86_64-pc-linux-gnu/nios2-elf/lib/mhw-mulx/libc.a(lib_a-impure.o)
 .debug_abbrev  0x0000000000002bef       0x39 /home/adrian/intelFPGA_lite/21.1/nios2eds/bin/gnu/H-x86_64-pc-linux-gnu/bin/../lib/gcc/nios2-elf/11.2.1/../../../../../H-x86_64-pc-linux-gnu/nios2-elf/lib/mhw-mulx/libc.a(lib_a-int_errno.o)
 .debug_abbrev  0x0000000000002c28       0x90 /home/adrian/intelFPGA_lite/21.1/nios2eds/bin/gnu/H-x86_64-pc-linux-gnu/bin/../lib/gcc/nios2-elf/11.2.1/../../../../../H-x86_64-pc-linux-gnu/nios2-elf/lib/mhw-mulx/libc.a(lib_a-memcmp.o)
 .debug_abbrev  0x0000000000002cb8       0xb9 /home/adrian/intelFPGA_lite/21.1/nios2eds/bin/gnu/H-x86_64-pc-linux-gnu/bin/../lib/gcc/nios2-elf/11.2.1/../../../../../H-x86_64-pc-linux-gnu/nios2-elf/lib/mhw-mulx/libc.a(lib_a-memcpy.o)
 .debug_abbrev  0x0000000000002d71       0x90 /home/adrian/intelFPGA_lite/21.1/nios2eds/bin/gnu/H-x86_64-pc-linux-gnu/bin/../lib/gcc/nios2-elf/11.2.1/../../../../../H-x86_64-pc-linux-gnu/nios2-elf/lib/mhw-mulx/libc.a(lib_a-strlen.o)
 .debug_abbrev  0x0000000000002e01      0x266 /home/adrian/intelFPGA_lite/21.1/nios2eds/bin/gnu/H-x86_64-pc-linux-gnu/bin/../lib/gcc/nios2-elf/11.2.1/../../../../../H-x86_64-pc-linux-gnu/nios2-elf/lib/mhw-mulx/libc.a(lib_a-__call_atexit.o)
 .debug_abbrev  0x0000000000003067       0xbb BSP//libhal_bsp.a(alt_exit.o)

.debug_line     0x0000000000000000     0x27fa
 *(.debug_line)
 .debug_line    0x0000000000000000       0x6c BSP//obj/HAL/src/crt0.o
 .debug_line    0x000000000000006c       0xc5 obj/default/adc_demo.o
 .debug_line    0x0000000000000131       0xf9 BSP//libhal_bsp.a(alt_load.o)
 .debug_line    0x000000000000022a       0xb4 BSP//libhal_bsp.a(alt_main.o)
 .debug_line    0x00000000000002de      0x35b BSP//libhal_bsp.a(alt_sys_init.o)
 .debug_line    0x0000000000000639       0xc1 BSP//libhal_bsp.a(altera_avalon_jtag_uart_fd.o)
 .debug_line    0x00000000000006fa      0x28f BSP//libhal_bsp.a(altera_avalon_jtag_uart_init.o)
 .debug_line    0x0000000000000989       0xd9 BSP//libhal_bsp.a(altera_avalon_jtag_uart_ioctl.o)
 .debug_line    0x0000000000000a62      0x1e1 BSP//libhal_bsp.a(altera_avalon_jtag_uart_read.o)
 .debug_line    0x0000000000000c43      0x241 BSP//libhal_bsp.a(altera_avalon_jtag_uart_write.o)
 .debug_line    0x0000000000000e84       0xe5 BSP//libhal_bsp.a(altera_avalon_timer_sc.o)
 .debug_line    0x0000000000000f69       0xdb BSP//libhal_bsp.a(altera_up_avalon_adc.o)
 .debug_line    0x0000000000001044      0x13c BSP//libhal_bsp.a(alt_alarm_start.o)
 .debug_line    0x0000000000001180      0x151 BSP//libhal_bsp.a(alt_close.o)
 .debug_line    0x00000000000012d1       0x4e BSP//libhal_bsp.a(alt_dcache_flush_all.o)
 .debug_line    0x000000000000131f       0x9c BSP//libhal_bsp.a(alt_dev.o)
 .debug_line    0x00000000000013bb      0x101 BSP//libhal_bsp.a(alt_dev_llist_insert.o)
 .debug_line    0x00000000000014bc       0x4c BSP//libhal_bsp.a(alt_errno.o)
 .debug_line    0x0000000000001508       0xba BSP//libhal_bsp.a(alt_find_dev.o)
 .debug_line    0x00000000000015c2       0x64 BSP//libhal_bsp.a(alt_icache_flush_all.o)
 .debug_line    0x0000000000001626       0xfe BSP//libhal_bsp.a(alt_io_redirect.o)
 .debug_line    0x0000000000001724      0x1a6 BSP//libhal_bsp.a(alt_irq_register.o)
 .debug_line    0x00000000000018ca       0x43 BSP//libhal_bsp.a(alt_irq_vars.o)
 .debug_line    0x000000000000190d      0x199 BSP//libhal_bsp.a(alt_open.o)
 .debug_line    0x0000000000001aa6       0x86 BSP//libhal_bsp.a(alt_release_fd.o)
 .debug_line    0x0000000000001b2c      0x13a BSP//libhal_bsp.a(alt_tick.o)
 .debug_line    0x0000000000001c66       0x54 BSP//libhal_bsp.a(altera_nios2_gen2_irq.o)
 .debug_line    0x0000000000001cba       0xeb BSP//libhal_bsp.a(alt_find_file.o)
 .debug_line    0x0000000000001da5       0xc1 BSP//libhal_bsp.a(alt_get_fd.o)
 .debug_line    0x0000000000001e66       0xa1 BSP//libhal_bsp.a(alt_icache_flush.o)
 .debug_line    0x0000000000001f07       0x6b BSP//libhal_bsp.a(alt_irq_entry.o)
 .debug_line    0x0000000000001f72       0xee BSP//libhal_bsp.a(alt_irq_handler.o)
 .debug_line    0x0000000000002060       0x9d BSP//libhal_bsp.a(alt_exception_entry.o)
 .debug_line    0x00000000000020fd       0xc0 BSP//libhal_bsp.a(alt_instruction_exception_entry.o)
 .debug_line    0x00000000000021bd       0xa6 /home/adrian/intelFPGA_lite/21.1/nios2eds/bin/gnu/H-x86_64-pc-linux-gnu/bin/../lib/gcc/nios2-elf/11.2.1/../../../../../H-x86_64-pc-linux-gnu/nios2-elf/lib/mhw-mulx/libc.a(lib_a-exit.o)
 .debug_line    0x0000000000002263       0x56 /home/adrian/intelFPGA_lite/21.1/nios2eds/bin/gnu/H-x86_64-pc-linux-gnu/bin/../lib/gcc/nios2-elf/11.2.1/../../../../../H-x86_64-pc-linux-gnu/nios2-elf/lib/mhw-mulx/libc.a(lib_a-impure.o)
 .debug_line    0x00000000000022b9       0x3a /home/adrian/intelFPGA_lite/21.1/nios2eds/bin/gnu/H-x86_64-pc-linux-gnu/bin/../lib/gcc/nios2-elf/11.2.1/../../../../../H-x86_64-pc-linux-gnu/nios2-elf/lib/mhw-mulx/libc.a(lib_a-int_errno.o)
 .debug_line    0x00000000000022f3       0xe7 /home/adrian/intelFPGA_lite/21.1/nios2eds/bin/gnu/H-x86_64-pc-linux-gnu/bin/../lib/gcc/nios2-elf/11.2.1/../../../../../H-x86_64-pc-linux-gnu/nios2-elf/lib/mhw-mulx/libc.a(lib_a-memcmp.o)
 .debug_line    0x00000000000023da      0x139 /home/adrian/intelFPGA_lite/21.1/nios2eds/bin/gnu/H-x86_64-pc-linux-gnu/bin/../lib/gcc/nios2-elf/11.2.1/../../../../../H-x86_64-pc-linux-gnu/nios2-elf/lib/mhw-mulx/libc.a(lib_a-memcpy.o)
 .debug_line    0x0000000000002513       0xc6 /home/adrian/intelFPGA_lite/21.1/nios2eds/bin/gnu/H-x86_64-pc-linux-gnu/bin/../lib/gcc/nios2-elf/11.2.1/../../../../../H-x86_64-pc-linux-gnu/nios2-elf/lib/mhw-mulx/libc.a(lib_a-strlen.o)
 .debug_line    0x00000000000025d9      0x17f /home/adrian/intelFPGA_lite/21.1/nios2eds/bin/gnu/H-x86_64-pc-linux-gnu/bin/../lib/gcc/nios2-elf/11.2.1/../../../../../H-x86_64-pc-linux-gnu/nios2-elf/lib/mhw-mulx/libc.a(lib_a-__call_atexit.o)
 .debug_line    0x0000000000002758       0xa2 BSP//libhal_bsp.a(alt_exit.o)

.debug_frame    0x0000000000000000      0x770
 *(.debug_frame)
 .debug_frame   0x0000000000000000       0x3c obj/default/adc_demo.o
 .debug_frame   0x000000000000003c       0x30 BSP//libhal_bsp.a(alt_load.o)
 .debug_frame   0x000000000000006c       0x28 BSP//libhal_bsp.a(alt_main.o)
 .debug_frame   0x0000000000000094       0x4c BSP//libhal_bsp.a(alt_sys_init.o)
 .debug_frame   0x00000000000000e0       0x80 BSP//libhal_bsp.a(altera_avalon_jtag_uart_fd.o)
 .debug_frame   0x0000000000000160       0x64 BSP//libhal_bsp.a(altera_avalon_jtag_uart_init.o)
 .debug_frame   0x00000000000001c4       0x20 BSP//libhal_bsp.a(altera_avalon_jtag_uart_ioctl.o)
 .debug_frame   0x00000000000001e4       0x54 BSP//libhal_bsp.a(altera_avalon_jtag_uart_read.o)
 .debug_frame   0x0000000000000238       0x54 BSP//libhal_bsp.a(altera_avalon_jtag_uart_write.o)
 .debug_frame   0x000000000000028c       0x4c BSP//libhal_bsp.a(altera_avalon_timer_sc.o)
 .debug_frame   0x00000000000002d8       0x3c BSP//libhal_bsp.a(altera_up_avalon_adc.o)
 .debug_frame   0x0000000000000314       0x20 BSP//libhal_bsp.a(alt_alarm_start.o)
 .debug_frame   0x0000000000000334       0x38 BSP//libhal_bsp.a(alt_close.o)
 .debug_frame   0x000000000000036c       0x20 BSP//libhal_bsp.a(alt_dcache_flush_all.o)
 .debug_frame   0x000000000000038c       0x20 BSP//libhal_bsp.a(alt_dev.o)
 .debug_frame   0x00000000000003ac       0x2c BSP//libhal_bsp.a(alt_dev_llist_insert.o)
 .debug_frame   0x00000000000003d8       0x40 BSP//libhal_bsp.a(alt_find_dev.o)
 .debug_frame   0x0000000000000418       0x2c BSP//libhal_bsp.a(alt_icache_flush_all.o)
 .debug_frame   0x0000000000000444       0x58 BSP//libhal_bsp.a(alt_io_redirect.o)
 .debug_frame   0x000000000000049c       0x20 BSP//libhal_bsp.a(alt_irq_register.o)
 .debug_frame   0x00000000000004bc       0x44 BSP//libhal_bsp.a(alt_open.o)
 .debug_frame   0x0000000000000500       0x20 BSP//libhal_bsp.a(alt_release_fd.o)
 .debug_frame   0x0000000000000520       0x48 BSP//libhal_bsp.a(alt_tick.o)
 .debug_frame   0x0000000000000568       0x20 BSP//libhal_bsp.a(altera_nios2_gen2_irq.o)
 .debug_frame   0x0000000000000588       0x40 BSP//libhal_bsp.a(alt_find_file.o)
 .debug_frame   0x00000000000005c8       0x20 BSP//libhal_bsp.a(alt_get_fd.o)
 .debug_frame   0x00000000000005e8       0x20 BSP//libhal_bsp.a(alt_icache_flush.o)
 .debug_frame   0x0000000000000608       0x30 BSP//libhal_bsp.a(alt_irq_handler.o)
 .debug_frame   0x0000000000000638       0x3c BSP//libhal_bsp.a(alt_instruction_exception_entry.o)
 .debug_frame   0x0000000000000674       0x28 /home/adrian/intelFPGA_lite/21.1/nios2eds/bin/gnu/H-x86_64-pc-linux-gnu/bin/../lib/gcc/nios2-elf/11.2.1/../../../../../H-x86_64-pc-linux-gnu/nios2-elf/lib/mhw-mulx/libc.a(lib_a-exit.o)
 .debug_frame   0x000000000000069c       0x20 /home/adrian/intelFPGA_lite/21.1/nios2eds/bin/gnu/H-x86_64-pc-linux-gnu/bin/../lib/gcc/nios2-elf/11.2.1/../../../../../H-x86_64-pc-linux-gnu/nios2-elf/lib/mhw-mulx/libc.a(lib_a-memcmp.o)
 .debug_frame   0x00000000000006bc       0x20 /home/adrian/intelFPGA_lite/21.1/nios2eds/bin/gnu/H-x86_64-pc-linux-gnu/bin/../lib/gcc/nios2-elf/11.2.1/../../../../../H-x86_64-pc-linux-gnu/nios2-elf/lib/mhw-mulx/libc.a(lib_a-memcpy.o)
 .debug_frame   0x00000000000006dc       0x20 /home/adrian/intelFPGA_lite/21.1/nios2eds/bin/gnu/H-x86_64-pc-linux-gnu/bin/../lib/gcc/nios2-elf/11.2.1/../../../../../H-x86_64-pc-linux-gnu/nios2-elf/lib/mhw-mulx/libc.a(lib_a-strlen.o)
 .debug_frame   0x00000000000006fc       0x54 /home/adrian/intelFPGA_lite/21.1/nios2eds/bin/gnu/H-x86_64-pc-linux-gnu/bin/../lib/gcc/nios2-elf/11.2.1/../../../../../H-x86_64-pc-linux-gnu/nios2-elf/lib/mhw-mulx/libc.a(lib_a-__call_atexit.o)
 .debug_frame   0x0000000000000750       0x20 BSP//libhal_bsp.a(alt_exit.o)

.debug_str      0x0000000000000000     0x14da
 *(.debug_str)
 .debug_str     0x0000000000000000       0x59 BSP//obj/HAL/src/crt0.o
 .debug_str     0x0000000000000059      0x163 obj/default/adc_demo.o
                                        0x1d8 (size before relaxing)
 .debug_str     0x00000000000001bc      0x108 BSP//libhal_bsp.a(alt_load.o)
                                        0x1fd (size before relaxing)
 .debug_str     0x00000000000002c4       0x5b BSP//libhal_bsp.a(alt_main.o)
                                        0x167 (size before relaxing)
 .debug_str     0x000000000000031f      0x3f4 BSP//libhal_bsp.a(alt_sys_init.o)
                                        0x5ff (size before relaxing)
 .debug_str     0x0000000000000713       0x84 BSP//libhal_bsp.a(altera_avalon_jtag_uart_fd.o)
                                        0x39d (size before relaxing)
 .debug_str     0x0000000000000797       0xa8 BSP//libhal_bsp.a(altera_avalon_jtag_uart_init.o)
                                        0x2f5 (size before relaxing)
 .debug_str     0x000000000000083f      0x20b BSP//libhal_bsp.a(altera_avalon_jtag_uart_ioctl.o)
 .debug_str     0x000000000000083f       0x48 BSP//libhal_bsp.a(altera_avalon_jtag_uart_read.o)
                                        0x287 (size before relaxing)
 .debug_str     0x0000000000000887       0x48 BSP//libhal_bsp.a(altera_avalon_jtag_uart_write.o)
                                        0x287 (size before relaxing)
 .debug_str     0x0000000000000887       0x3d BSP//libhal_bsp.a(altera_avalon_timer_sc.o)
                                        0x1e4 (size before relaxing)
 .debug_str     0x00000000000008c4       0x13 BSP//libhal_bsp.a(altera_up_avalon_adc.o)
                                        0x1ef (size before relaxing)
 .debug_str     0x00000000000008d7       0x3b BSP//libhal_bsp.a(alt_alarm_start.o)
                                        0x230 (size before relaxing)
 .debug_str     0x0000000000000912       0x3f BSP//libhal_bsp.a(alt_close.o)
                                        0x1cd (size before relaxing)
 .debug_str     0x0000000000000951      0x10a BSP//libhal_bsp.a(alt_dcache_flush_all.o)
 .debug_str     0x0000000000000951      0x13e BSP//libhal_bsp.a(alt_dev.o)
                                        0x326 (size before relaxing)
 .debug_str     0x0000000000000a8f      0x181 BSP//libhal_bsp.a(alt_dev_llist_insert.o)
 .debug_str     0x0000000000000a8f        0x8 BSP//libhal_bsp.a(alt_errno.o)
                                        0x107 (size before relaxing)
 .debug_str     0x0000000000000a97        0xe BSP//libhal_bsp.a(alt_find_dev.o)
                                        0x1b1 (size before relaxing)
 .debug_str     0x0000000000000aa5       0x11 BSP//libhal_bsp.a(alt_icache_flush_all.o)
                                        0x123 (size before relaxing)
 .debug_str     0x0000000000000ab6       0x2c BSP//libhal_bsp.a(alt_io_redirect.o)
                                        0x331 (size before relaxing)
 .debug_str     0x0000000000000ae2       0x4d BSP//libhal_bsp.a(alt_irq_register.o)
                                        0x1af (size before relaxing)
 .debug_str     0x0000000000000b2f       0x12 BSP//libhal_bsp.a(alt_irq_vars.o)
                                        0x100 (size before relaxing)
 .debug_str     0x0000000000000b41       0x35 BSP//libhal_bsp.a(alt_open.o)
                                        0x241 (size before relaxing)
 .debug_str     0x0000000000000b76      0x18a BSP//libhal_bsp.a(alt_release_fd.o)
 .debug_str     0x0000000000000b76       0x2e BSP//libhal_bsp.a(alt_tick.o)
                                        0x20b (size before relaxing)
 .debug_str     0x0000000000000ba4      0x110 BSP//libhal_bsp.a(altera_nios2_gen2_irq.o)
 .debug_str     0x0000000000000ba4      0x1be BSP//libhal_bsp.a(alt_find_file.o)
 .debug_str     0x0000000000000ba4       0x10 BSP//libhal_bsp.a(alt_get_fd.o)
                                        0x1ce (size before relaxing)
 .debug_str     0x0000000000000bb4      0x114 BSP//libhal_bsp.a(alt_icache_flush.o)
 .debug_str     0x0000000000000bb4       0x18 BSP//libhal_bsp.a(alt_irq_entry.o)
                                         0x62 (size before relaxing)
 .debug_str     0x0000000000000bcc       0x20 BSP//libhal_bsp.a(alt_irq_handler.o)
                                        0x151 (size before relaxing)
 .debug_str     0x0000000000000bec       0x1e BSP//libhal_bsp.a(alt_exception_entry.o)
                                         0x68 (size before relaxing)
 .debug_str     0x0000000000000c0a      0x461 BSP//libhal_bsp.a(alt_instruction_exception_entry.o)
                                        0x553 (size before relaxing)
 .debug_str     0x000000000000106b      0x3f1 /home/adrian/intelFPGA_lite/21.1/nios2eds/bin/gnu/H-x86_64-pc-linux-gnu/bin/../lib/gcc/nios2-elf/11.2.1/../../../../../H-x86_64-pc-linux-gnu/nios2-elf/lib/mhw-mulx/libc.a(lib_a-exit.o)
                                        0x4f0 (size before relaxing)
 .debug_str     0x000000000000145c        0xc /home/adrian/intelFPGA_lite/21.1/nios2eds/bin/gnu/H-x86_64-pc-linux-gnu/bin/../lib/gcc/nios2-elf/11.2.1/../../../../../H-x86_64-pc-linux-gnu/nios2-elf/lib/mhw-mulx/libc.a(lib_a-impure.o)
                                        0x4e7 (size before relaxing)
 .debug_str     0x0000000000001468      0x102 /home/adrian/intelFPGA_lite/21.1/nios2eds/bin/gnu/H-x86_64-pc-linux-gnu/bin/../lib/gcc/nios2-elf/11.2.1/../../../../../H-x86_64-pc-linux-gnu/nios2-elf/lib/mhw-mulx/libc.a(lib_a-int_errno.o)
 .debug_str     0x0000000000001468      0x10a /home/adrian/intelFPGA_lite/21.1/nios2eds/bin/gnu/H-x86_64-pc-linux-gnu/bin/../lib/gcc/nios2-elf/11.2.1/../../../../../H-x86_64-pc-linux-gnu/nios2-elf/lib/mhw-mulx/libc.a(lib_a-memcmp.o)
 .debug_str     0x0000000000001468       0x27 /home/adrian/intelFPGA_lite/21.1/nios2eds/bin/gnu/H-x86_64-pc-linux-gnu/bin/../lib/gcc/nios2-elf/11.2.1/../../../../../H-x86_64-pc-linux-gnu/nios2-elf/lib/mhw-mulx/libc.a(lib_a-memcpy.o)
                                        0x131 (size before relaxing)
 .debug_str     0x000000000000148f        0xd /home/adrian/intelFPGA_lite/21.1/nios2eds/bin/gnu/H-x86_64-pc-linux-gnu/bin/../lib/gcc/nios2-elf/11.2.1/../../../../../H-x86_64-pc-linux-gnu/nios2-elf/lib/mhw-mulx/libc.a(lib_a-strlen.o)
                                        0x11d (size before relaxing)
 .debug_str     0x000000000000149c       0x27 /home/adrian/intelFPGA_lite/21.1/nios2eds/bin/gnu/H-x86_64-pc-linux-gnu/bin/../lib/gcc/nios2-elf/11.2.1/../../../../../H-x86_64-pc-linux-gnu/nios2-elf/lib/mhw-mulx/libc.a(lib_a-__call_atexit.o)
                                        0x511 (size before relaxing)
 .debug_str     0x00000000000014c3       0x17 BSP//libhal_bsp.a(alt_exit.o)
                                        0x112 (size before relaxing)

.debug_loc
 *(.debug_loc)

.debug_macinfo
 *(.debug_macinfo)

.debug_weaknames
 *(.debug_weaknames)

.debug_funcnames
 *(.debug_funcnames)

.debug_typenames
 *(.debug_typenames)

.debug_varnames
 *(.debug_varnames)

.debug_alt_sim_info
                0x0000000000000000       0x20
 *(.debug_alt_sim_info)
 .debug_alt_sim_info
                0x0000000000000000       0x20 BSP//obj/HAL/src/crt0.o
                0x0000000080000000                __alt_data_end = 0x80000000
                0x0000000080000000                PROVIDE (__alt_stack_pointer = __alt_data_end)
                [!provide]                        PROVIDE (__alt_stack_limit = __alt_stack_base)
                [!provide]                        PROVIDE (__alt_heap_start = end)
                [!provide]                        PROVIDE (__alt_heap_limit = 0x80000000)
OUTPUT(adc_demo.elf elf32-littlenios2)
LOAD linker stubs

.debug_ranges   0x0000000000000000       0x70
 .debug_ranges  0x0000000000000000       0x20 BSP//obj/HAL/src/crt0.o
 .debug_ranges  0x0000000000000020       0x28 BSP//libhal_bsp.a(alt_irq_entry.o)
 .debug_ranges  0x0000000000000048       0x28 BSP//libhal_bsp.a(alt_exception_entry.o)

.debug_loclists
                0x0000000000000000     0x15a7
 .debug_loclists
                0x0000000000000000       0x6e obj/default/adc_demo.o
 .debug_loclists
                0x000000000000006e       0x44 BSP//libhal_bsp.a(alt_load.o)
 .debug_loclists
                0x00000000000000b2       0x1b BSP//libhal_bsp.a(alt_main.o)
 .debug_loclists
                0x00000000000000cd      0x1c5 BSP//libhal_bsp.a(alt_sys_init.o)
 .debug_loclists
                0x0000000000000292      0x10c BSP//libhal_bsp.a(altera_avalon_jtag_uart_fd.o)
 .debug_loclists
                0x000000000000039e      0x13c BSP//libhal_bsp.a(altera_avalon_jtag_uart_init.o)
 .debug_loclists
                0x00000000000004da       0x80 BSP//libhal_bsp.a(altera_avalon_jtag_uart_ioctl.o)
 .debug_loclists
                0x000000000000055a      0x10b BSP//libhal_bsp.a(altera_avalon_jtag_uart_read.o)
 .debug_loclists
                0x0000000000000665      0x17a BSP//libhal_bsp.a(altera_avalon_jtag_uart_write.o)
 .debug_loclists
                0x00000000000007df       0xa6 BSP//libhal_bsp.a(altera_avalon_timer_sc.o)
 .debug_loclists
                0x0000000000000885       0x59 BSP//libhal_bsp.a(altera_up_avalon_adc.o)
 .debug_loclists
                0x00000000000008de       0xb8 BSP//libhal_bsp.a(alt_alarm_start.o)
 .debug_loclists
                0x0000000000000996       0x89 BSP//libhal_bsp.a(alt_close.o)
 .debug_loclists
                0x0000000000000a1f       0x4e BSP//libhal_bsp.a(alt_dev_llist_insert.o)
 .debug_loclists
                0x0000000000000a6d       0x6a BSP//libhal_bsp.a(alt_find_dev.o)
 .debug_loclists
                0x0000000000000ad7       0xe0 BSP//libhal_bsp.a(alt_io_redirect.o)
 .debug_loclists
                0x0000000000000bb7       0xc8 BSP//libhal_bsp.a(alt_irq_register.o)
 .debug_loclists
                0x0000000000000c7f      0x1d8 BSP//libhal_bsp.a(alt_open.o)
 .debug_loclists
                0x0000000000000e57       0x1e BSP//libhal_bsp.a(alt_release_fd.o)
 .debug_loclists
                0x0000000000000e75       0x7c BSP//libhal_bsp.a(alt_tick.o)
 .debug_loclists
                0x0000000000000ef1       0x79 BSP//libhal_bsp.a(alt_find_file.o)
 .debug_loclists
                0x0000000000000f6a       0x23 BSP//libhal_bsp.a(alt_get_fd.o)
 .debug_loclists
                0x0000000000000f8d       0x52 BSP//libhal_bsp.a(alt_icache_flush.o)
 .debug_loclists
                0x0000000000000fdf       0x70 BSP//libhal_bsp.a(alt_irq_handler.o)
 .debug_loclists
                0x000000000000104f       0x82 BSP//libhal_bsp.a(alt_instruction_exception_entry.o)
 .debug_loclists
                0x00000000000010d1       0x20 /home/adrian/intelFPGA_lite/21.1/nios2eds/bin/gnu/H-x86_64-pc-linux-gnu/bin/../lib/gcc/nios2-elf/11.2.1/../../../../../H-x86_64-pc-linux-gnu/nios2-elf/lib/mhw-mulx/libc.a(lib_a-exit.o)
 .debug_loclists
                0x00000000000010f1       0xd6 /home/adrian/intelFPGA_lite/21.1/nios2eds/bin/gnu/H-x86_64-pc-linux-gnu/bin/../lib/gcc/nios2-elf/11.2.1/../../../../../H-x86_64-pc-linux-gnu/nios2-elf/lib/mhw-mulx/libc.a(lib_a-memcmp.o)
 .debug_loclists
                0x00000000000011c7      0x23b /home/adrian/intelFPGA_lite/21.1/nios2eds/bin/gnu/H-x86_64-pc-linux-gnu/bin/../lib/gcc/nios2-elf/11.2.1/../../../../../H-x86_64-pc-linux-gnu/nios2-elf/lib/mhw-mulx/libc.a(lib_a-memcpy.o)
 .debug_loclists
                0x0000000000001402       0x4d /home/adrian/intelFPGA_lite/21.1/nios2eds/bin/gnu/H-x86_64-pc-linux-gnu/bin/../lib/gcc/nios2-elf/11.2.1/../../../../../H-x86_64-pc-linux-gnu/nios2-elf/lib/mhw-mulx/libc.a(lib_a-strlen.o)
 .debug_loclists
                0x000000000000144f      0x135 /home/adrian/intelFPGA_lite/21.1/nios2eds/bin/gnu/H-x86_64-pc-linux-gnu/bin/../lib/gcc/nios2-elf/11.2.1/../../../../../H-x86_64-pc-linux-gnu/nios2-elf/lib/mhw-mulx/libc.a(lib_a-__call_atexit.o)
 .debug_loclists
                0x0000000000001584       0x23 BSP//libhal_bsp.a(alt_exit.o)

.debug_line_str
                0x0000000000000000      0xd64
 .debug_line_str
                0x0000000000000000       0xaa obj/default/adc_demo.o
                                         0xf7 (size before relaxing)
 .debug_line_str
                0x00000000000000aa       0x85 BSP//libhal_bsp.a(alt_load.o)
                                         0xea (size before relaxing)
 .debug_line_str
                0x000000000000012f      0x11f BSP//libhal_bsp.a(alt_main.o)
                                        0x1c9 (size before relaxing)
 .debug_line_str
                0x000000000000024e      0x106 BSP//libhal_bsp.a(alt_sys_init.o)
                                        0x210 (size before relaxing)
 .debug_line_str
                0x0000000000000354       0x35 BSP//libhal_bsp.a(altera_avalon_jtag_uart_fd.o)
                                        0x197 (size before relaxing)
 .debug_line_str
                0x0000000000000389       0x3c BSP//libhal_bsp.a(altera_avalon_jtag_uart_init.o)
                                        0x1a0 (size before relaxing)
 .debug_line_str
                0x00000000000003c5       0x2c BSP//libhal_bsp.a(altera_avalon_jtag_uart_ioctl.o)
                                        0x179 (size before relaxing)
 .debug_line_str
                0x00000000000003f1       0xb1 BSP//libhal_bsp.a(altera_avalon_jtag_uart_read.o)
                                        0x26f (size before relaxing)
 .debug_line_str
                0x00000000000004a2       0x2c BSP//libhal_bsp.a(altera_avalon_jtag_uart_write.o)
                                        0x272 (size before relaxing)
 .debug_line_str
                0x00000000000004ce       0x25 BSP//libhal_bsp.a(altera_avalon_timer_sc.o)
                                        0x14b (size before relaxing)
 .debug_line_str
                0x00000000000004f3       0x23 BSP//libhal_bsp.a(altera_up_avalon_adc.o)
                                        0x158 (size before relaxing)
 .debug_line_str
                0x0000000000000516       0x1a BSP//libhal_bsp.a(alt_alarm_start.o)
                                        0x125 (size before relaxing)
 .debug_line_str
                0x0000000000000530       0x20 BSP//libhal_bsp.a(alt_close.o)
                                        0x179 (size before relaxing)
 .debug_line_str
                0x0000000000000550       0x1f BSP//libhal_bsp.a(alt_dcache_flush_all.o)
                                         0xd3 (size before relaxing)
 .debug_line_str
                0x000000000000056f       0xa3 BSP//libhal_bsp.a(alt_dev.o)
                                        0x200 (size before relaxing)
 .debug_line_str
                0x0000000000000612       0x1f BSP//libhal_bsp.a(alt_dev_llist_insert.o)
                                        0x118 (size before relaxing)
 .debug_line_str
                0x0000000000000631       0x14 BSP//libhal_bsp.a(alt_errno.o)
                                        0x132 (size before relaxing)
 .debug_line_str
                0x0000000000000645       0x17 BSP//libhal_bsp.a(alt_find_dev.o)
                                        0x1ca (size before relaxing)
 .debug_line_str
                0x000000000000065c       0x1f BSP//libhal_bsp.a(alt_icache_flush_all.o)
                                        0x103 (size before relaxing)
 .debug_line_str
                0x000000000000067b       0x2b BSP//libhal_bsp.a(alt_io_redirect.o)
                                        0x229 (size before relaxing)
 .debug_line_str
                0x00000000000006a6       0x2b BSP//libhal_bsp.a(alt_irq_register.o)
                                        0x125 (size before relaxing)
 .debug_line_str
                0x00000000000006d1       0x17 BSP//libhal_bsp.a(alt_irq_vars.o)
                                         0xd1 (size before relaxing)
 .debug_line_str
                0x00000000000006e8       0x13 BSP//libhal_bsp.a(alt_open.o)
                                        0x10f (size before relaxing)
 .debug_line_str
                0x00000000000006fb       0x19 BSP//libhal_bsp.a(alt_release_fd.o)
                                        0x115 (size before relaxing)
 .debug_line_str
                0x0000000000000714       0x13 BSP//libhal_bsp.a(alt_tick.o)
                                        0x110 (size before relaxing)
 .debug_line_str
                0x0000000000000727       0x20 BSP//libhal_bsp.a(altera_nios2_gen2_irq.o)
                                         0xd6 (size before relaxing)
 .debug_line_str
                0x0000000000000747       0x18 BSP//libhal_bsp.a(alt_find_file.o)
                                        0x1e7 (size before relaxing)
 .debug_line_str
                0x000000000000075f       0x15 BSP//libhal_bsp.a(alt_get_fd.o)
                                        0x118 (size before relaxing)
 .debug_line_str
                0x0000000000000774       0x1b BSP//libhal_bsp.a(alt_icache_flush.o)
                                         0xdd (size before relaxing)
 .debug_line_str
                0x000000000000078f       0x1a BSP//libhal_bsp.a(alt_irq_handler.o)
                                         0xf2 (size before relaxing)
 .debug_line_str
                0x00000000000007a9       0x3b BSP//libhal_bsp.a(alt_instruction_exception_entry.o)
                                        0x129 (size before relaxing)
 .debug_line_str
                0x00000000000007e4      0x259 /home/adrian/intelFPGA_lite/21.1/nios2eds/bin/gnu/H-x86_64-pc-linux-gnu/bin/../lib/gcc/nios2-elf/11.2.1/../../../../../H-x86_64-pc-linux-gnu/nios2-elf/lib/mhw-mulx/libc.a(lib_a-exit.o)
                                        0x350 (size before relaxing)
 .debug_line_str
                0x0000000000000a3d      0x101 /home/adrian/intelFPGA_lite/21.1/nios2eds/bin/gnu/H-x86_64-pc-linux-gnu/bin/../lib/gcc/nios2-elf/11.2.1/../../../../../H-x86_64-pc-linux-gnu/nios2-elf/lib/mhw-mulx/libc.a(lib_a-impure.o)
                                        0x2d3 (size before relaxing)
 .debug_line_str
                0x0000000000000b3e       0x41 /home/adrian/intelFPGA_lite/21.1/nios2eds/bin/gnu/H-x86_64-pc-linux-gnu/bin/../lib/gcc/nios2-elf/11.2.1/../../../../../H-x86_64-pc-linux-gnu/nios2-elf/lib/mhw-mulx/libc.a(lib_a-int_errno.o)
                                        0x1df (size before relaxing)
 .debug_line_str
                0x0000000000000b7f      0x104 /home/adrian/intelFPGA_lite/21.1/nios2eds/bin/gnu/H-x86_64-pc-linux-gnu/bin/../lib/gcc/nios2-elf/11.2.1/../../../../../H-x86_64-pc-linux-gnu/nios2-elf/lib/mhw-mulx/libc.a(lib_a-memcmp.o)
                                        0x2c5 (size before relaxing)
 .debug_line_str
                0x0000000000000c83       0x3f /home/adrian/intelFPGA_lite/21.1/nios2eds/bin/gnu/H-x86_64-pc-linux-gnu/bin/../lib/gcc/nios2-elf/11.2.1/../../../../../H-x86_64-pc-linux-gnu/nios2-elf/lib/mhw-mulx/libc.a(lib_a-memcpy.o)
                                        0x2c5 (size before relaxing)
 .debug_line_str
                0x0000000000000cc2       0x3f /home/adrian/intelFPGA_lite/21.1/nios2eds/bin/gnu/H-x86_64-pc-linux-gnu/bin/../lib/gcc/nios2-elf/11.2.1/../../../../../H-x86_64-pc-linux-gnu/nios2-elf/lib/mhw-mulx/libc.a(lib_a-strlen.o)
                                        0x2c5 (size before relaxing)
 .debug_line_str
                0x0000000000000d01       0x46 /home/adrian/intelFPGA_lite/21.1/nios2eds/bin/gnu/H-x86_64-pc-linux-gnu/bin/../lib/gcc/nios2-elf/11.2.1/../../../../../H-x86_64-pc-linux-gnu/nios2-elf/lib/mhw-mulx/libc.a(lib_a-__call_atexit.o)
                                        0x2ed (size before relaxing)
 .debug_line_str
                0x0000000000000d47       0x1d BSP//libhal_bsp.a(alt_exit.o)
                                         0xc7 (size before relaxing)

.debug_rnglists
                0x0000000000000000      0x1bf
 .debug_rnglists
                0x0000000000000000       0x22 BSP//libhal_bsp.a(alt_sys_init.o)
 .debug_rnglists
                0x0000000000000022       0x34 BSP//libhal_bsp.a(altera_avalon_jtag_uart_init.o)
 .debug_rnglists
                0x0000000000000056       0x1b BSP//libhal_bsp.a(altera_avalon_jtag_uart_read.o)
 .debug_rnglists
                0x0000000000000071       0x29 BSP//libhal_bsp.a(altera_avalon_jtag_uart_write.o)
 .debug_rnglists
                0x000000000000009a       0x20 BSP//libhal_bsp.a(alt_close.o)
 .debug_rnglists
                0x00000000000000ba       0x16 BSP//libhal_bsp.a(alt_dev_llist_insert.o)
 .debug_rnglists
                0x00000000000000d0       0x13 BSP//libhal_bsp.a(alt_irq_register.o)
 .debug_rnglists
                0x00000000000000e3       0x25 BSP//libhal_bsp.a(alt_open.o)
 .debug_rnglists
                0x0000000000000108       0x13 BSP//libhal_bsp.a(alt_irq_handler.o)
 .debug_rnglists
                0x000000000000011b       0x19 BSP//libhal_bsp.a(alt_instruction_exception_entry.o)
 .debug_rnglists
                0x0000000000000134       0x13 /home/adrian/intelFPGA_lite/21.1/nios2eds/bin/gnu/H-x86_64-pc-linux-gnu/bin/../lib/gcc/nios2-elf/11.2.1/../../../../../H-x86_64-pc-linux-gnu/nios2-elf/lib/mhw-mulx/libc.a(lib_a-exit.o)
 .debug_rnglists
                0x0000000000000147       0x13 /home/adrian/intelFPGA_lite/21.1/nios2eds/bin/gnu/H-x86_64-pc-linux-gnu/bin/../lib/gcc/nios2-elf/11.2.1/../../../../../H-x86_64-pc-linux-gnu/nios2-elf/lib/mhw-mulx/libc.a(lib_a-memcmp.o)
 .debug_rnglists
                0x000000000000015a       0x14 /home/adrian/intelFPGA_lite/21.1/nios2eds/bin/gnu/H-x86_64-pc-linux-gnu/bin/../lib/gcc/nios2-elf/11.2.1/../../../../../H-x86_64-pc-linux-gnu/nios2-elf/lib/mhw-mulx/libc.a(lib_a-memcpy.o)
 .debug_rnglists
                0x000000000000016e       0x14 /home/adrian/intelFPGA_lite/21.1/nios2eds/bin/gnu/H-x86_64-pc-linux-gnu/bin/../lib/gcc/nios2-elf/11.2.1/../../../../../H-x86_64-pc-linux-gnu/nios2-elf/lib/mhw-mulx/libc.a(lib_a-strlen.o)
 .debug_rnglists
                0x0000000000000182       0x2a /home/adrian/intelFPGA_lite/21.1/nios2eds/bin/gnu/H-x86_64-pc-linux-gnu/bin/../lib/gcc/nios2-elf/11.2.1/../../../../../H-x86_64-pc-linux-gnu/nios2-elf/lib/mhw-mulx/libc.a(lib_a-__call_atexit.o)
 .debug_rnglists
                0x00000000000001ac       0x13 BSP//libhal_bsp.a(alt_exit.o)
